C:\GitHub\ltrp\shoebill_plugins\DmvPlugin\src\main\java\lt\ltrp\dialog\QuestionTestEndMsgDialog.java
C:\GitHub\ltrp\shoebill_plugins\DmvPlugin\src\main\java\lt\ltrp\DmvVehicleImpl.java
C:\GitHub\ltrp\shoebill_plugins\DmvPlugin\src\main\java\lt\ltrp\event\PlayerDrivingTestEndEvent.java
C:\GitHub\ltrp\shoebill_plugins\DmvPlugin\src\main\java\lt\ltrp\AbstractDmvManager.java
C:\GitHub\ltrp\shoebill_plugins\DmvPlugin\src\main\java\lt\ltrp\event\DmvVehicleDestroyEvent.java
C:\GitHub\ltrp\shoebill_plugins\DmvPlugin\src\main\java\lt\ltrp\aircraft\AircraftDmvImpl.java
C:\GitHub\ltrp\shoebill_plugins\DmvPlugin\src\main\java\lt\ltrp\car\DrivingTest.java
C:\GitHub\ltrp\shoebill_plugins\DmvPlugin\src\main\java\lt\ltrp\dao\impl\FileDmvDaoImpl.java
C:\GitHub\ltrp\shoebill_plugins\DmvPlugin\src\main\java\lt\ltrp\boat\BoatingTest.java
C:\GitHub\ltrp\shoebill_plugins\DmvPlugin\src\main\java\lt\ltrp\aircraft\AircraftDmvManager.java
C:\GitHub\ltrp\shoebill_plugins\DmvPlugin\src\main\java\lt\ltrp\event\PlayerDmvTestEndEvent.java
C:\GitHub\ltrp\shoebill_plugins\DmvPlugin\src\main\java\lt\ltrp\aircraft\FlyingTest.java
C:\GitHub\ltrp\shoebill_plugins\DmvPlugin\src\main\java\lt\ltrp\dialog\BoatingTestEndMsgDialog.java
C:\GitHub\ltrp\shoebill_plugins\DmvPlugin\src\main\java\lt\ltrp\dialog\DrivingTestEndMsgDialog.java
C:\GitHub\ltrp\shoebill_plugins\DmvPlugin\src\main\java\lt\ltrp\car\CarDmvManager.java
C:\GitHub\ltrp\shoebill_plugins\DmvPlugin\src\main\java\lt\ltrp\DmvManager.java
C:\GitHub\ltrp\shoebill_plugins\DmvPlugin\src\main\java\lt\ltrp\event\PlayerBoatingTestEnd.java
C:\GitHub\ltrp\shoebill_plugins\DmvPlugin\src\main\java\lt\ltrp\dialog\FlyingTestEndMsgDialog.java
C:\GitHub\ltrp\shoebill_plugins\DmvPlugin\src\main\java\lt\ltrp\boat\BoatDmvImpl.java
C:\GitHub\ltrp\shoebill_plugins\DmvPlugin\src\main\java\lt\ltrp\car\CarDmvImpl.java
C:\GitHub\ltrp\shoebill_plugins\DmvPlugin\src\main\java\lt\ltrp\QuestionTestImpl.java
C:\GitHub\ltrp\shoebill_plugins\DmvPlugin\src\main\java\lt\ltrp\boat\BoatDmvManager.java
C:\GitHub\ltrp\shoebill_plugins\DmvPlugin\src\main\java\lt\ltrp\event\PlayerQuestionTestEndEvent.java
C:\GitHub\ltrp\shoebill_plugins\DmvPlugin\src\main\java\lt\ltrp\event\PlayerFlyingTestEnd.java
