lt\ltrp\event\property\HouseEvent.class
lt\ltrp\item\PcpItem.class
lt\ltrp\player\PlayerInfoBox.class
lt\ltrp\vehicle\VehicleLock.class
lt\ltrp\data\PhoneSms.class
lt\ltrp\dmv\DmvCheckpoint.class
lt\ltrp\player\GeneralCommands.class
lt\ltrp\event\player\PlayerSpawnSetUpEvent.class
lt\ltrp\data\Color.class
lt\ltrp\event\property\PlayerBusinessEvent.class
lt\ltrp\job\trashman\TrashMission.class
lt\ltrp\plugin\PluginWrapper.class
lt\ltrp\property\HouseWeedSapling$GrowthStage.class
lt\ltrp\item\Inventory.class
lt\ltrp\item\ItemController$1.class
lt\ltrp\dao\DAOFactory.class
lt\ltrp\vehicle\PersonalAlarm.class
lt\ltrp\event\PaydayEvent.class
lt\ltrp\player\JailData.class
lt\ltrp\vehicle\FuelTank.class
lt\ltrp\Entity.class
lt\ltrp\vehicle\PlayerVehiclePermission.class
lt\ltrp\item\ItemType.class
lt\ltrp\event\property\PlayerEnterHouseEvent.class
lt\ltrp\item\AmphetamineItem.class
lt\ltrp\dmv\DmvCommands.class
lt\ltrp\player\SpawnData$SpawnType.class
lt\ltrp\vehicle\JobVehicle.class
lt\ltrp\item\MolotovItem.class
lt\ltrp\job\vehiclethief\VehicleThiefCommands.class
lt\ltrp\property\Garage.class
lt\ltrp\event\property\PlayerEnterBusinessEvent.class
lt\ltrp\player\PlayerCountdown.class
lt\ltrp\Util\Sql.class
lt\ltrp\dao\JobDao.class
lt\ltrp\item\AbstractItem.class
lt\ltrp\player\JailData$JailType.class
lt\ltrp\item\AmphetamineItem$1.class
lt\ltrp\item\DrugItem.class
lt\ltrp\item\SuitcaseItem.class
lt\ltrp\dao\JdbcDAO.class
lt\ltrp\dmv\Dmv.class
lt\ltrp\data\Animation.class
lt\ltrp\dao\PlayerDao.class
lt\ltrp\Util\AdminLog.class
lt\ltrp\player\AdminCommands.class
lt\ltrp\item\RadioItem.class
lt\ltrp\vehicle\VehicleAlarm.class
lt\ltrp\job\FactionRank.class
lt\ltrp\event\property\PlayerGarageEvent.class
lt\ltrp\vehicle\event\TestEvent.class
lt\ltrp\data\LtrpWeaponData.class
lt\ltrp\player\LtrpPlayer.class
lt\ltrp\property\Business.class
lt\ltrp\vehicle\PlayerVehicle.class
lt\ltrp\player\CrashData.class
lt\ltrp\player\LtrpPlayer$1.class
lt\ltrp\plugin\mapandreas\MapAndreas.class
lt\ltrp\player\SpawnController.class
lt\ltrp\item\CocaineItem$1.class
lt\ltrp\dao\ItemDao.class
lt\ltrp\item\ClothingItem.class
lt\ltrp\plugin\streamer\Streamer.class
lt\ltrp\item\ItemController.class
lt\ltrp\job\vehiclethief\VehicleThiefJob.class
lt\ltrp\vehicle\LtrpVehicle.class
lt\ltrp\command\CommandData.class
lt\ltrp\job\trashman\TrashMissions.class
lt\ltrp\InventoryEntity.class
lt\ltrp\plugin\mapandreas\MapAndreasMode.class
lt\ltrp\item\Item.class
lt\ltrp\data\NamedLocation.class
lt\ltrp\item\BasicItem.class
lt\ltrp\player\PlayerCountdown$1.class
lt\ltrp\property\House.class
lt\ltrp\event\property\PlayerHouseEvent.class
lt\ltrp\SpeedometerTd.class
lt\ltrp\event\property\PlayerPropertyEvent.class
lt\ltrp\dmv\DmvQuestion.class
lt\ltrp\job\trashman\TrashmanManager$PlayerTrashMission.class
lt\ltrp\item\DrinkItem.class
lt\ltrp\player\SpawnData.class
lt\ltrp\item\ItemUsageOption.class
lt\ltrp\dmv\DmvQuestion$DmvAnswer.class
lt\ltrp\item\CocaineItem.class
lt\ltrp\job\ContractJob.class
net\gtaun\shoebill\constant\VehicleModel.class
lt\ltrp\event\item\ItemLocationChangeEvent.class
lt\ltrp\vehicle\SimpleAlarm.class
lt\ltrp\vehicle\VehicleCommands.class
lt\ltrp\item\FishingRodItem.class
lt\ltrp\player\SpawnController$1.class
lt\ltrp\item\HeroinItem.class
lt\ltrp\property\GarageCommands.class
net\gtaun\shoebill\constant\VehicleModel$VehicleType.class
lt\ltrp\constant\LicenseType.class
lt\ltrp\plugin\streamer\DynamicSampObject.class
lt\ltrp\property\HouseWeedSapling.class
lt\ltrp\vehicle\PoliceAlertAlarm.class
lt\ltrp\item\SqlItemDao.class
lt\ltrp\dao\DmvDao.class
lt\ltrp\plugin\streamer\PlayerEditDynamicObjectResponse.class
lt\ltrp\dao\VehicleDao.class
lt\ltrp\event\property\WeedGrowEvent.class
lt\ltrp\player\LicenseWarning.class
lt\ltrp\data\DroppedWeaponData.class
lt\ltrp\event\property\PlayerEnterGarageEvent.class
lt\ltrp\dao\HouseDao.class
lt\ltrp\data\PhoneContact.class
lt\ltrp\job\Rank.class
lt\ltrp\player\PlayerLicense.class
lt\ltrp\item\HeroinItem$1.class
lt\ltrp\command\PlayerCommandManager.class
lt\ltrp\event\player\PlayerDrawWeaponEvent.class
lt\ltrp\vehicle\event\SpeedometerTickEvent.class
lt\ltrp\job\trashman\TrashmanManager.class
lt\ltrp\job\ContractJobRank.class
lt\ltrp\property\HouseUpgradeType.class
lt\ltrp\job\Taxi.class
lt\ltrp\item\WeaponItem.class
net\gtaun\shoebill\constant\VehicleModel$VehicleModelData.class
lt\ltrp\property\Property.class
lt\ltrp\item\ContainerItem.class
lt\ltrp\job\Job.class
lt\ltrp\job\trashman\TrashmanCommands.class
lt\ltrp\Util\PawnFunc.class
lt\ltrp\NamedEntity.class
lt\ltrp\job\Faction.class
lt\ltrp\player\PlayerCountdown$PlayerCountdownCallback.class
lt\ltrp\plugin\streamer\DynamicLabel.class
lt\ltrp\command\Commands.class
lt\ltrp\data\Phonebook.class
lt\ltrp\player\PlayerLicenses.class
lt\ltrp\item\ConsumableItem.class
lt\ltrp\item\PcpItem$1.class
lt\ltrp\dao\PhoneDao.class
lt\ltrp\dao\impl\SqlPhoneDaoImpl.class
lt\ltrp\command\CommandHandler.class
