F:\AAAA\LTRP\gamemodes\src\main\java\lt\ltrp\job\Job.java
F:\AAAA\LTRP\gamemodes\src\main\java\lt\ltrp\Util\Sql.java
F:\AAAA\LTRP\gamemodes\src\main\java\lt\ltrp\job\vehiclethief\VehicleThiefManager.java
F:\AAAA\LTRP\gamemodes\src\main\java\lt\ltrp\data\NamedLocation.java
F:\AAAA\LTRP\gamemodes\src\main\java\lt\ltrp\event\PaydayEvent.java
F:\AAAA\LTRP\gamemodes\src\main\java\lt\ltrp\vehicle\VehicleLock.java
F:\AAAA\LTRP\gamemodes\src\main\java\lt\ltrp\item\ItemPhone.java
F:\AAAA\LTRP\gamemodes\src\main\java\lt\ltrp\player\CrashData.java
F:\AAAA\LTRP\gamemodes\src\main\java\lt\ltrp\event\property\PlayerEnterHouseEvent.java
F:\AAAA\LTRP\gamemodes\src\main\java\lt\ltrp\dao\JobDao.java
F:\AAAA\LTRP\gamemodes\src\main\java\lt\ltrp\command\CommandData.java
F:\AAAA\LTRP\gamemodes\src\main\java\lt\ltrp\item\ItemUsageOption.java
F:\AAAA\LTRP\gamemodes\src\main\java\lt\ltrp\Entity.java
F:\AAAA\LTRP\gamemodes\src\main\java\lt\ltrp\plugin\mapandreas\MapAndreas.java
F:\AAAA\LTRP\gamemodes\src\main\java\lt\ltrp\Util\Factorial.java
F:\AAAA\LTRP\gamemodes\src\main\java\lt\ltrp\item\DrugItem.java
F:\AAAA\LTRP\gamemodes\src\main\java\lt\ltrp\Util\PawnFunc.java
F:\AAAA\LTRP\gamemodes\src\main\java\lt\ltrp\dao\VehicleDao.java
F:\AAAA\LTRP\gamemodes\src\main\java\lt\ltrp\event\property\PlayerEnterBusinessEvent.java
F:\AAAA\LTRP\gamemodes\src\main\java\lt\ltrp\job\Taxi.java
F:\AAAA\LTRP\gamemodes\src\main\java\lt\ltrp\property\GarageCommands.java
F:\AAAA\LTRP\gamemodes\src\main\java\lt\ltrp\item\BasicItem.java
F:\AAAA\LTRP\gamemodes\src\main\java\lt\ltrp\job\ContractJob.java
F:\AAAA\LTRP\gamemodes\src\main\java\lt\ltrp\LtrpGamemode.java
F:\AAAA\LTRP\gamemodes\src\main\java\lt\ltrp\item\HeroinItem.java
F:\AAAA\LTRP\gamemodes\src\main\java\lt\ltrp\vehicle\PlayerVehicle.java
F:\AAAA\LTRP\gamemodes\src\main\java\lt\ltrp\event\property\PlayerExitGarageEvent.java
F:\AAAA\LTRP\gamemodes\src\main\java\lt\ltrp\item\CigarettesItem.java
F:\AAAA\LTRP\gamemodes\src\main\java\net\gtaun\shoebill\constant\VehicleModel.java
F:\AAAA\LTRP\gamemodes\src\main\java\lt\ltrp\constant\LicenseType.java
F:\AAAA\LTRP\gamemodes\src\main\java\lt\ltrp\dao\ItemDao.java
F:\AAAA\LTRP\gamemodes\src\main\java\lt\ltrp\item\WeedSeedItem.java
F:\AAAA\LTRP\gamemodes\src\main\java\lt\ltrp\event\item\ItemLocationChangeEvent.java
F:\AAAA\LTRP\gamemodes\src\main\java\lt\ltrp\player\JailData.java
F:\AAAA\LTRP\gamemodes\src\main\java\lt\ltrp\property\Garage.java
F:\AAAA\LTRP\gamemodes\src\main\java\lt\ltrp\item\FuelTankItem.java
F:\AAAA\LTRP\gamemodes\src\main\java\lt\ltrp\constant\LtrpVehicleModel.java
F:\AAAA\LTRP\gamemodes\src\main\java\lt\ltrp\item\HouseAudioItem.java
F:\AAAA\LTRP\gamemodes\src\main\java\lt\ltrp\item\MaskItem.java
F:\AAAA\LTRP\gamemodes\src\main\java\lt\ltrp\data\LtrpWeaponData.java
F:\AAAA\LTRP\gamemodes\src\main\java\lt\ltrp\player\GeneralCommands.java
F:\AAAA\LTRP\gamemodes\src\main\java\lt\ltrp\plugin\PluginWrapper.java
F:\AAAA\LTRP\gamemodes\src\main\java\lt\ltrp\event\property\WeedGrowEvent.java
F:\AAAA\LTRP\gamemodes\src\main\java\lt\ltrp\player\PlayerCountdown.java
F:\AAAA\LTRP\gamemodes\src\main\java\lt\ltrp\job\ContractJobRank.java
F:\AAAA\LTRP\gamemodes\src\main\java\lt\ltrp\dao\impl\SqlHouseDao.java
F:\AAAA\LTRP\gamemodes\src\main\java\lt\ltrp\property\BusinessCommands.java
F:\AAAA\LTRP\gamemodes\src\main\java\lt\ltrp\item\DurableItem.java
F:\AAAA\LTRP\gamemodes\src\main\java\lt\ltrp\dmv\DmvCheckpoint.java
F:\AAAA\LTRP\gamemodes\src\main\java\lt\ltrp\item\ItemController.java
F:\AAAA\LTRP\gamemodes\src\main\java\lt\ltrp\event\player\PlayerLogInEvent.java
F:\AAAA\LTRP\gamemodes\src\main\java\lt\ltrp\vehicle\VehicleManager.java
F:\AAAA\LTRP\gamemodes\src\main\java\lt\ltrp\player\PlayerLicense.java
F:\AAAA\LTRP\gamemodes\src\main\java\lt\ltrp\event\property\HouseEvent.java
F:\AAAA\LTRP\gamemodes\src\main\java\lt\ltrp\item\ItemCommands.java
F:\AAAA\LTRP\gamemodes\src\main\java\lt\ltrp\job\Rank.java
F:\AAAA\LTRP\gamemodes\src\main\java\lt\ltrp\vehicle\PersonalAlarm.java
F:\AAAA\LTRP\gamemodes\src\main\java\lt\ltrp\data\Animation.java
F:\AAAA\LTRP\gamemodes\src\main\java\lt\ltrp\vehicle\event\TestEventImpl.java
F:\AAAA\LTRP\gamemodes\src\main\java\lt\ltrp\event\property\PlayerEnterGarageEvent.java
F:\AAAA\LTRP\gamemodes\src\main\java\lt\ltrp\event\property\PlayerExitPropertyEvent.java
F:\AAAA\LTRP\gamemodes\src\main\java\lt\ltrp\player\LtrpPlayer.java
F:\AAAA\LTRP\gamemodes\src\main\java\lt\ltrp\property\HouseUpgradeType.java
F:\AAAA\LTRP\gamemodes\src\main\java\lt\ltrp\property\Business.java
F:\AAAA\LTRP\gamemodes\src\main\java\lt\ltrp\item\MeleeWeaponItem.java
F:\AAAA\LTRP\gamemodes\src\main\java\lt\ltrp\property\Property.java
F:\AAAA\LTRP\gamemodes\src\main\java\lt\ltrp\event\property\PlayerBusinessEvent.java
F:\AAAA\LTRP\gamemodes\src\main\java\lt\ltrp\job\vehiclethief\VehicleThiefCommands.java
F:\AAAA\LTRP\gamemodes\src\main\java\lt\ltrp\item\RadioItem.java
F:\AAAA\LTRP\gamemodes\src\main\java\lt\ltrp\vehicle\event\SpeedometerTickEvent.java
F:\AAAA\LTRP\gamemodes\src\main\java\lt\ltrp\dao\impl\SqlPhoneDaoImpl.java
F:\AAAA\LTRP\gamemodes\src\main\java\lt\ltrp\Util\Whirlpool.java
F:\AAAA\LTRP\gamemodes\src\main\java\lt\ltrp\plugin\streamer\DynamicLabel.java
F:\AAAA\LTRP\gamemodes\src\main\java\lt\ltrp\command\PlayerCommandManager.java
F:\AAAA\LTRP\gamemodes\src\main\java\lt\ltrp\data\PhoneContact.java
F:\AAAA\LTRP\gamemodes\src\main\java\lt\ltrp\property\PropertyCommands.java
F:\AAAA\LTRP\gamemodes\src\main\java\lt\ltrp\dao\impl\SqlDmvDaoImpl.java
F:\AAAA\LTRP\gamemodes\src\main\java\lt\ltrp\dmv\DmvBoat.java
F:\AAAA\LTRP\gamemodes\src\main\java\lt\ltrp\dmv\DmvCommands.java
F:\AAAA\LTRP\gamemodes\src\main\java\lt\ltrp\command\Commands.java
F:\AAAA\LTRP\gamemodes\src\main\java\lt\ltrp\vehicle\VehicleAlarm.java
F:\AAAA\LTRP\gamemodes\src\main\java\lt\ltrp\item\MetaamphetamineItem.java
F:\AAAA\LTRP\gamemodes\src\main\java\lt\ltrp\dialogmenu\PlayerDialogMenu.java
F:\AAAA\LTRP\gamemodes\src\main\java\lt\ltrp\dmv\Dmv.java
F:\AAAA\LTRP\gamemodes\src\main\java\lt\ltrp\item\Inventory.java
F:\AAAA\LTRP\gamemodes\src\main\java\lt\ltrp\item\ConsumableItem.java
F:\AAAA\LTRP\gamemodes\src\main\java\lt\ltrp\player\AdminCommands.java
F:\AAAA\LTRP\gamemodes\src\main\java\lt\ltrp\object\Fire.java
F:\AAAA\LTRP\gamemodes\src\main\java\lt\ltrp\dao\HouseDao.java
F:\AAAA\LTRP\gamemodes\src\main\java\lt\ltrp\job\JobManager.java
F:\AAAA\LTRP\gamemodes\src\main\java\lt\ltrp\item\EctazyItem.java
F:\AAAA\LTRP\gamemodes\src\main\java\lt\ltrp\item\ClothingItem.java
F:\AAAA\LTRP\gamemodes\src\main\java\lt\ltrp\Util\AdminLog.java
F:\AAAA\LTRP\gamemodes\src\main\java\lt\ltrp\data\Color.java
F:\AAAA\LTRP\gamemodes\src\main\java\lt\ltrp\event\property\PlayerGarageEvent.java
F:\AAAA\LTRP\gamemodes\src\main\java\lt\ltrp\event\property\PlayerPropertyEvent.java
F:\AAAA\LTRP\gamemodes\src\main\java\lt\ltrp\player\SpawnData.java
F:\AAAA\LTRP\gamemodes\src\main\java\lt\ltrp\vehicle\PoliceAlertAlarm.java
F:\AAAA\LTRP\gamemodes\src\main\java\lt\ltrp\vehicle\PlayerVehiclePermission.java
F:\AAAA\LTRP\gamemodes\src\main\java\lt\ltrp\vehicle\VehicleCommands.java
F:\AAAA\LTRP\gamemodes\src\main\java\lt\ltrp\plugin\streamer\DynamicSampObject.java
F:\AAAA\LTRP\gamemodes\src\main\java\lt\ltrp\event\player\PlayerDataLoadEvent.java
F:\AAAA\LTRP\gamemodes\src\main\java\lt\ltrp\event\player\PlayerSpawnSetUpEvent.java
F:\AAAA\LTRP\gamemodes\src\main\java\lt\ltrp\event\property\PlayerHouseEvent.java
F:\AAAA\LTRP\gamemodes\src\main\java\lt\ltrp\vehicle\PlayerVehicleCommands.java
F:\AAAA\LTRP\gamemodes\src\main\java\lt\ltrp\dao\DAOFactory.java
F:\AAAA\LTRP\gamemodes\src\main\java\lt\ltrp\vehicle\FuelTank.java
F:\AAAA\LTRP\gamemodes\src\main\java\lt\ltrp\item\MolotovItem.java
F:\AAAA\LTRP\gamemodes\src\main\java\lt\ltrp\dmv\DmvManager.java
F:\AAAA\LTRP\gamemodes\src\main\java\lt\ltrp\item\DiceItem.java
F:\AAAA\LTRP\gamemodes\src\main\java\lt\ltrp\dao\PhoneDao.java
F:\AAAA\LTRP\gamemodes\src\main\java\lt\ltrp\item\FixedSizeInventory.java
F:\AAAA\LTRP\gamemodes\src\main\java\lt\ltrp\property\HouseWeedSapling.java
F:\AAAA\LTRP\gamemodes\src\main\java\lt\ltrp\dao\PlayerDao.java
F:\AAAA\LTRP\gamemodes\src\main\java\lt\ltrp\item\Item.java
F:\AAAA\LTRP\gamemodes\src\main\java\lt\ltrp\job\trashman\TrashMission.java
F:\AAAA\LTRP\gamemodes\src\main\java\lt\ltrp\vehicle\JobVehicle.java
F:\AAAA\LTRP\gamemodes\src\main\java\lt\ltrp\item\AmphetamineItem.java
F:\AAAA\LTRP\gamemodes\src\main\java\lt\ltrp\item\WeedItem.java
F:\AAAA\LTRP\gamemodes\src\main\java\lt\ltrp\job\Faction.java
F:\AAAA\LTRP\gamemodes\src\main\java\lt\ltrp\SpeedometerTd.java
F:\AAAA\LTRP\gamemodes\src\main\java\lt\ltrp\data\DroppedWeaponData.java
F:\AAAA\LTRP\gamemodes\src\main\java\lt\ltrp\dmv\DmvAircraft.java
F:\AAAA\LTRP\gamemodes\src\main\java\lt\ltrp\job\trashman\TrashmanManager.java
F:\AAAA\LTRP\gamemodes\src\main\java\lt\ltrp\dao\impl\FileJobDaoImpl.java
F:\AAAA\LTRP\gamemodes\src\main\java\lt\ltrp\data\Phonecall.java
F:\AAAA\LTRP\gamemodes\src\main\java\lt\ltrp\event\property\PlayerEnterPropertyEvent.java
F:\AAAA\LTRP\gamemodes\src\main\java\lt\ltrp\InventoryEntity.java
F:\AAAA\LTRP\gamemodes\src\main\java\lt\ltrp\property\House.java
F:\AAAA\LTRP\gamemodes\src\main\java\lt\ltrp\plugin\streamer\PlayerEditDynamicObjectResponse.java
F:\AAAA\LTRP\gamemodes\src\main\java\lt\ltrp\property\PropertyManager.java
F:\AAAA\LTRP\gamemodes\src\main\java\lt\ltrp\player\SpawnController.java
F:\AAAA\LTRP\gamemodes\src\main\java\lt\ltrp\event\property\PlayerExitHouseEvent.java
F:\AAAA\LTRP\gamemodes\src\main\java\lt\ltrp\vehicle\LtrpVehicle.java
F:\AAAA\LTRP\gamemodes\src\main\java\lt\ltrp\dmv\DmvCar.java
F:\AAAA\LTRP\gamemodes\src\main\java\lt\ltrp\NamedEntity.java
F:\AAAA\LTRP\gamemodes\src\main\java\lt\ltrp\item\SuitcaseItem.java
F:\AAAA\LTRP\gamemodes\src\main\java\lt\ltrp\command\CommandHandler.java
F:\AAAA\LTRP\gamemodes\src\main\java\lt\ltrp\item\DrinkItem.java
F:\AAAA\LTRP\gamemodes\src\main\java\lt\ltrp\job\FactionRank.java
F:\AAAA\LTRP\gamemodes\src\main\java\lt\ltrp\item\ContainerItem.java
F:\AAAA\LTRP\gamemodes\src\main\java\lt\ltrp\plugin\streamer\Streamer.java
F:\AAAA\LTRP\gamemodes\src\main\java\lt\ltrp\command\CommandParam.java
F:\AAAA\LTRP\gamemodes\src\main\java\lt\ltrp\job\trashman\TrashmanCommands.java
F:\AAAA\LTRP\gamemodes\src\main\java\lt\ltrp\item\SqlItemDao.java
F:\AAAA\LTRP\gamemodes\src\main\java\lt\ltrp\plugin\mapandreas\MapAndreasMode.java
F:\AAAA\LTRP\gamemodes\src\main\java\lt\ltrp\player\AuthController.java
F:\AAAA\LTRP\gamemodes\src\main\java\lt\ltrp\dialogmenu\PoliceDatabaseMenu.java
F:\AAAA\LTRP\gamemodes\src\main\java\lt\ltrp\vehicle\event\TestEvent.java
F:\AAAA\LTRP\gamemodes\src\main\java\lt\ltrp\PawnCallbacks.java
F:\AAAA\LTRP\gamemodes\src\main\java\lt\ltrp\dao\impl\SqlPlayerDaoImpl.java
F:\AAAA\LTRP\gamemodes\src\main\java\lt\ltrp\dmv\DmvQuestion.java
F:\AAAA\LTRP\gamemodes\src\main\java\lt\ltrp\vehicle\SimpleAlarm.java
F:\AAAA\LTRP\gamemodes\src\main\java\lt\ltrp\event\player\PlayerDrawWeaponEvent.java
F:\AAAA\LTRP\gamemodes\src\main\java\lt\ltrp\job\vehiclethief\VehicleThiefJob.java
F:\AAAA\LTRP\gamemodes\src\main\java\lt\ltrp\job\PoliceCommands.java
F:\AAAA\LTRP\gamemodes\src\main\java\lt\ltrp\player\PlayerController.java
F:\AAAA\LTRP\gamemodes\src\main\java\lt\ltrp\data\PhoneSms.java
F:\AAAA\LTRP\gamemodes\src\main\java\lt\ltrp\dao\impl\SqlVehicleDaoImpl.java
F:\AAAA\LTRP\gamemodes\src\main\java\lt\ltrp\data\Phonebook.java
F:\AAAA\LTRP\gamemodes\src\main\java\lt\ltrp\player\LicenseWarning.java
F:\AAAA\LTRP\gamemodes\src\main\java\lt\ltrp\item\FishingRodItem.java
F:\AAAA\LTRP\gamemodes\src\main\java\lt\ltrp\dao\DmvDao.java
F:\AAAA\LTRP\gamemodes\src\main\java\lt\ltrp\item\WeaponItem.java
F:\AAAA\LTRP\gamemodes\src\main\java\lt\ltrp\player\PlayerInfoBox.java
F:\AAAA\LTRP\gamemodes\src\main\java\lt\ltrp\job\trashman\TrashMissions.java
F:\AAAA\LTRP\gamemodes\src\main\java\lt\ltrp\item\AbstractItem.java
F:\AAAA\LTRP\gamemodes\src\main\java\lt\ltrp\item\CocaineItem.java
F:\AAAA\LTRP\gamemodes\src\main\java\lt\ltrp\player\PlayerLicenses.java
F:\AAAA\LTRP\gamemodes\src\main\java\lt\ltrp\property\HouseCommands.java
F:\AAAA\LTRP\gamemodes\src\main\java\lt\ltrp\plugin\streamer\event\player\PlayerEditDynamicObjectEvent.java
F:\AAAA\LTRP\gamemodes\src\main\java\lt\ltrp\dialogmenu\admin\JobVehicleMenu.java
F:\AAAA\LTRP\gamemodes\src\main\java\lt\ltrp\event\property\PlayerExitBusinessEvent.java
F:\AAAA\LTRP\gamemodes\src\main\java\lt\ltrp\item\ItemType.java
F:\AAAA\LTRP\gamemodes\src\main\java\lt\ltrp\item\PcpItem.java
F:\AAAA\LTRP\gamemodes\src\main\java\lt\ltrp\vehicle\event\VehicleEngineStartEvent.java
F:\AAAA\LTRP\gamemodes\src\main\java\lt\ltrp\dialogmenu\DialogMenu.java
