C:\GitHub\ltrp\shoebill_plugins\HousePlugin\src\main\java\lt\ltrp\dialog\AdminHouseManagementListDialog.java
C:\GitHub\ltrp\shoebill_plugins\HousePlugin\src\main\java\lt\ltrp\dialog\HouseInfoMessageDialog.java
C:\GitHub\ltrp\shoebill_plugins\HousePlugin\src\main\java\lt\ltrp\dialog\HouseRentInputDialog.java
C:\GitHub\ltrp\shoebill_plugins\HousePlugin\src\main\java\lt\ltrp\dao\impl\MySqlHouseDaoImpl.java
C:\GitHub\ltrp\shoebill_plugins\HousePlugin\src\main\java\lt\ltrp\dialog\AdminHouseManagementOptionListDialog.java
C:\GitHub\ltrp\shoebill_plugins\HousePlugin\src\main\java\lt\ltrp\dialog\HouseRemoveOwnerMsgBoxDialog.java
C:\GitHub\ltrp\shoebill_plugins\HousePlugin\src\main\java\lt\ltrp\dialog\HousePriceInputDialog.java
C:\GitHub\ltrp\shoebill_plugins\HousePlugin\src\main\java\lt\ltrp\command\HouseOwnerCommands.java
C:\GitHub\ltrp\shoebill_plugins\HousePlugin\src\main\java\lt\ltrp\dialog\HouseNameInputDialog.java
C:\GitHub\ltrp\shoebill_plugins\HousePlugin\src\main\java\lt\ltrp\object\impl\HouseImpl.java
C:\GitHub\ltrp\shoebill_plugins\HousePlugin\src\main\java\lt\ltrp\command\HouseCommands.java
C:\GitHub\ltrp\shoebill_plugins\HousePlugin\src\main\java\lt\ltrp\dialog\HouseUUIDInputDialog.java
C:\GitHub\ltrp\shoebill_plugins\HousePlugin\src\main\java\lt\ltrp\dialog\HouseDestroyMsgBoxDialog.java
