lt\ltrp\PhoneController.class
lt\ltrp\object\impl\ItemCommands$1.class
lt\ltrp\object\impl\MaskItem.class
lt\ltrp\dialog\PlayerPhoneSelectDialog$SelectPhoneHandler.class
lt\ltrp\object\impl\HouseAudioItem.class
lt\ltrp\object\impl\ClothingItemImpl.class
lt\ltrp\object\impl\FuelTankItem.class
lt\ltrp\object\impl\FadeEffect.class
lt\ltrp\DrugController.class
lt\ltrp\object\impl\ToolboxItem.class
lt\ltrp\object\impl\Mp3Item.class
lt\ltrp\object\impl\HeroinItem.class
lt\ltrp\object\impl\FishingRodItem.class
lt\ltrp\PhoneController$1.class
lt\ltrp\object\impl\SuitcaseItem.class
lt\ltrp\object\impl\HealthReduceEffect.class
lt\ltrp\object\impl\EctazyItem.class
lt\ltrp\object\impl\MeleeWeaponItem.class
lt\ltrp\object\impl\CigarettesItem.class
lt\ltrp\object\impl\ConsumableItemImpl.class
lt\ltrp\dialog\PlayerPhoneSelectDialog$PlayerPhoneSelectDialogBuilder.class
lt\ltrp\object\impl\ContainerItemImpl.class
lt\ltrp\dialog\PlayerPhoneSelectDialog$AbstractPlayerPhoneSelectDialogBuilder.class
lt\ltrp\object\impl\BoomBoxItem.class
lt\ltrp\object\impl\DurableItemImpl.class
lt\ltrp\object\impl\MolotovItem.class
lt\ltrp\object\impl\AbstractItem.class
lt\ltrp\object\impl\DiceItem.class
lt\ltrp\object\impl\ItemPhoneImpl.class
lt\ltrp\dialog\PlayerPhoneSelectDialog.class
lt\ltrp\object\impl\DrugItemImpl.class
lt\ltrp\object\impl\FixedSizeInventory.class
lt\ltrp\object\impl\ItemCommands.class
lt\ltrp\object\impl\BasicItem.class
lt\ltrp\object\impl\RadioItemImpl.class
lt\ltrp\object\impl\DrinkItemImpl.class
lt\ltrp\object\impl\WeaponItemImpl.class
lt\ltrp\object\impl\WeedItemImpl.class
lt\ltrp\object\impl\WeedSeedItemImpl.class
lt\ltrp\object\impl\CocaineItem.class
lt\ltrp\object\impl\NewsPaperItem.class
lt\ltrp\object\impl\AmphetamineItem.class
lt\ltrp\dao\impl\SqlItemDao.class
lt\ltrp\dao\impl\MySqlDrugAddictionDaoImpl.class
lt\ltrp\dao\impl\SqlPhoneDaoImpl.class
lt\ltrp\object\impl\FallAnimEffect.class
