C:\GitHub\ltrp\shoebill_plugins\ItemPlugin\src\main\java\lt\ltrp\object\impl\ToolboxItem.java
C:\GitHub\ltrp\shoebill_plugins\ItemPlugin\src\main\java\lt\ltrp\object\impl\ItemPhoneImpl.java
C:\GitHub\ltrp\shoebill_plugins\ItemPlugin\src\main\java\lt\ltrp\object\impl\EctazyItem.java
C:\GitHub\ltrp\shoebill_plugins\ItemPlugin\src\main\java\lt\ltrp\object\impl\CigarettesItem.java
C:\GitHub\ltrp\shoebill_plugins\ItemPlugin\src\main\java\lt\ltrp\object\impl\NewsPaperItem.java
C:\GitHub\ltrp\shoebill_plugins\ItemPlugin\src\main\java\lt\ltrp\PhoneController.java
C:\GitHub\ltrp\shoebill_plugins\ItemPlugin\src\main\java\lt\ltrp\object\impl\Mp3Item.java
C:\GitHub\ltrp\shoebill_plugins\ItemPlugin\src\main\java\lt\ltrp\object\impl\DrugItemImpl.java
C:\GitHub\ltrp\shoebill_plugins\ItemPlugin\src\main\java\lt\ltrp\object\impl\WeedItemImpl.java
C:\GitHub\ltrp\shoebill_plugins\ItemPlugin\src\main\java\lt\ltrp\object\impl\HealthReduceEffect.java
C:\GitHub\ltrp\shoebill_plugins\ItemPlugin\src\main\java\lt\ltrp\dao\impl\SqlItemDao.java
C:\GitHub\ltrp\shoebill_plugins\ItemPlugin\src\main\java\lt\ltrp\object\impl\CocaineItem.java
C:\GitHub\ltrp\shoebill_plugins\ItemPlugin\src\main\java\lt\ltrp\object\impl\ItemCommands.java
C:\GitHub\ltrp\shoebill_plugins\ItemPlugin\src\main\java\lt\ltrp\object\impl\BoomBoxItem.java
C:\GitHub\ltrp\shoebill_plugins\ItemPlugin\src\main\java\lt\ltrp\object\impl\DrinkItemImpl.java
C:\GitHub\ltrp\shoebill_plugins\ItemPlugin\src\main\java\lt\ltrp\object\impl\WeedSeedItemImpl.java
C:\GitHub\ltrp\shoebill_plugins\ItemPlugin\src\main\java\lt\ltrp\object\impl\DiceItem.java
C:\GitHub\ltrp\shoebill_plugins\ItemPlugin\src\main\java\lt\ltrp\object\impl\FixedSizeInventory.java
C:\GitHub\ltrp\shoebill_plugins\ItemPlugin\src\main\java\lt\ltrp\object\impl\RadioItemImpl.java
C:\GitHub\ltrp\shoebill_plugins\ItemPlugin\src\main\java\lt\ltrp\object\impl\AbstractItem.java
C:\GitHub\ltrp\shoebill_plugins\ItemPlugin\src\main\java\lt\ltrp\object\impl\FuelTankItem.java
C:\GitHub\ltrp\shoebill_plugins\ItemPlugin\src\main\java\lt\ltrp\object\impl\ContainerItemImpl.java
C:\GitHub\ltrp\shoebill_plugins\ItemPlugin\src\main\java\lt\ltrp\object\impl\FadeEffect.java
C:\GitHub\ltrp\shoebill_plugins\ItemPlugin\src\main\java\lt\ltrp\object\impl\ConsumableItemImpl.java
C:\GitHub\ltrp\shoebill_plugins\ItemPlugin\src\main\java\lt\ltrp\object\impl\FallAnimEffect.java
C:\GitHub\ltrp\shoebill_plugins\ItemPlugin\src\main\java\lt\ltrp\dialog\PlayerPhoneSelectDialog.java
C:\GitHub\ltrp\shoebill_plugins\ItemPlugin\src\main\java\lt\ltrp\object\impl\MaskItem.java
C:\GitHub\ltrp\shoebill_plugins\ItemPlugin\src\main\java\lt\ltrp\object\impl\MolotovItem.java
C:\GitHub\ltrp\shoebill_plugins\ItemPlugin\src\main\java\lt\ltrp\object\impl\SuitcaseItem.java
C:\GitHub\ltrp\shoebill_plugins\ItemPlugin\src\main\java\lt\ltrp\object\impl\HeroinItem.java
C:\GitHub\ltrp\shoebill_plugins\ItemPlugin\src\main\java\lt\ltrp\object\impl\BasicItem.java
C:\GitHub\ltrp\shoebill_plugins\ItemPlugin\src\main\java\lt\ltrp\DrugController.java
C:\GitHub\ltrp\shoebill_plugins\ItemPlugin\src\main\java\lt\ltrp\object\impl\ClothingItemImpl.java
C:\GitHub\ltrp\shoebill_plugins\ItemPlugin\src\main\java\lt\ltrp\object\impl\MeleeWeaponItem.java
C:\GitHub\ltrp\shoebill_plugins\ItemPlugin\src\main\java\lt\ltrp\object\impl\HouseAudioItem.java
C:\GitHub\ltrp\shoebill_plugins\ItemPlugin\src\main\java\lt\ltrp\dao\impl\SqlPhoneDaoImpl.java
C:\GitHub\ltrp\shoebill_plugins\ItemPlugin\src\main\java\lt\ltrp\object\impl\FishingRodItem.java
C:\GitHub\ltrp\shoebill_plugins\ItemPlugin\src\main\java\lt\ltrp\object\impl\AmphetamineItem.java
C:\GitHub\ltrp\shoebill_plugins\ItemPlugin\src\main\java\lt\ltrp\object\impl\WeaponItemImpl.java
C:\GitHub\ltrp\shoebill_plugins\ItemPlugin\src\main\java\lt\ltrp\object\impl\DurableItemImpl.java
C:\GitHub\ltrp\shoebill_plugins\ItemPlugin\src\main\java\lt\ltrp\dao\impl\MySqlDrugAddictionDaoImpl.java
