lt\ltrp\item\Item.class
lt\ltrp\item\PcpItem.class
lt\ltrp\item\BasicItem.class
lt\ltrp\player\PlayerCountdown$1.class
lt\ltrp\property\House.class
lt\ltrp\event\property\PlayerHouseEvent.class
lt\ltrp\data\PhoneSms.class
lt\ltrp\data\Phonecall$PhonecallState.class
lt\ltrp\event\property\PlayerPropertyEvent.class
lt\ltrp\player\GeneralCommands.class
lt\ltrp\item\DrinkItem.class
lt\ltrp\player\SpawnData.class
lt\ltrp\event\player\PlayerSpawnSetUpEvent.class
lt\ltrp\data\Color.class
lt\ltrp\event\property\PlayerBusinessEvent.class
lt\ltrp\item\ItemUsageOption.class
lt\ltrp\plugin\PluginWrapper.class
lt\ltrp\event\item\ItemLocationChangeEvent.class
lt\ltrp\item\Inventory.class
lt\ltrp\item\ItemController$1.class
lt\ltrp\dao\DAOFactory.class
lt\ltrp\player\JailData.class
lt\ltrp\vehicle\FuelTank.class
lt\ltrp\player\SpawnController$1.class
lt\ltrp\item\HeroinItem.class
lt\ltrp\plugin\streamer\DynamicSampObject.class
lt\ltrp\Entity.class
lt\ltrp\item\ItemType.class
lt\ltrp\event\property\PlayerEnterHouseEvent.class
lt\ltrp\item\AmphetamineItem.class
lt\ltrp\data\DroppedWeaponData.class
lt\ltrp\event\property\PlayerEnterGarageEvent.class
lt\ltrp\player\SpawnData$SpawnType.class
lt\ltrp\item\MolotovItem.class
lt\ltrp\property\Garage.class
lt\ltrp\event\property\PlayerEnterBusinessEvent.class
lt\ltrp\data\PhoneContact.class
lt\ltrp\player\PlayerCountdown.class
lt\ltrp\Util\Sql.class
lt\ltrp\player\JailData$JailType.class
lt\ltrp\item\AmphetamineItem$1.class
lt\ltrp\item\DrugItem.class
lt\ltrp\dao\JdbcDAO.class
lt\ltrp\data\Animation.class
lt\ltrp\dao\PlayerDao.class
lt\ltrp\item\HeroinItem$1.class
lt\ltrp\player\AdminCommands.class
lt\ltrp\command\PlayerCommandManager.class
lt\ltrp\item\ItemPhone.class
lt\ltrp\event\player\PlayerDrawWeaponEvent.class
lt\ltrp\event\property\PlayerGarageEvent.class
lt\ltrp\data\LtrpWeaponData.class
lt\ltrp\item\ItemPhone$1.class
lt\ltrp\player\LtrpPlayer.class
lt\ltrp\property\Business.class
lt\ltrp\player\CrashData.class
lt\ltrp\player\LtrpPlayer$1.class
lt\ltrp\plugin\mapandreas\MapAndreas.class
lt\ltrp\property\HouseUpgradeType.class
lt\ltrp\player\SpawnController.class
lt\ltrp\item\WeaponItem.class
lt\ltrp\property\Property.class
lt\ltrp\item\ContainerItem.class
lt\ltrp\item\ClothingItem.class
lt\ltrp\NamedEntity.class
lt\ltrp\plugin\streamer\Streamer.class
lt\ltrp\player\PlayerCountdown$PlayerCountdownCallback.class
lt\ltrp\data\Phonecall.class
lt\ltrp\item\ItemController.class
lt\ltrp\plugin\streamer\DynamicLabel.class
lt\ltrp\data\Phonebook.class
lt\ltrp\item\ConsumableItem.class
lt\ltrp\vehicle\LtrpVehicle.class
lt\ltrp\command\CommandData.class
lt\ltrp\item\PcpItem$1.class
lt\ltrp\dao\PhoneDao.class
lt\ltrp\InventoryEntity.class
lt\ltrp\dao\impl\SqlPhoneDaoImpl.class
lt\ltrp\plugin\mapandreas\MapAndreasMode.class
lt\ltrp\command\CommandHandler.class
