lt\ltrp\item\MetaamphetamineItem$1.class
lt\ltrp\item\PcpItem.class
lt\ltrp\event\property\PlayerExitHouseEvent.class
lt\ltrp\LtrpGamemode.class
lt\ltrp\item\WeedSeedItem.class
lt\ltrp\data\PhoneSms.class
lt\ltrp\player\GeneralCommands.class
lt\ltrp\event\property\PlayerExitBusinessEvent.class
lt\ltrp\event\player\PlayerSpawnSetUpEvent.class
lt\ltrp\data\Color.class
lt\ltrp\event\property\PlayerBusinessEvent.class
lt\ltrp\plugin\PluginWrapper.class
lt\ltrp\property\PropertyManager.class
lt\ltrp\event\property\PlayerEnterPropertyEvent.class
lt\ltrp\item\Inventory.class
lt\ltrp\item\ItemController$1.class
lt\ltrp\dao\DAOFactory.class
lt\ltrp\player\JailData.class
lt\ltrp\vehicle\FuelTank.class
lt\ltrp\Entity.class
lt\ltrp\plugin\streamer\event\player\PlayerEditDynamicObjectEvent.class
lt\ltrp\dao\impl\SqlPlayerDaoImpl.class
lt\ltrp\item\ItemType.class
lt\ltrp\event\property\PlayerEnterHouseEvent.class
lt\ltrp\item\AmphetamineItem.class
lt\ltrp\player\SpawnData$SpawnType.class
lt\ltrp\item\MolotovItem.class
lt\ltrp\property\Garage.class
lt\ltrp\event\player\PlayerDataLoadEvent.class
lt\ltrp\event\property\PlayerEnterBusinessEvent.class
lt\ltrp\item\EctazyItem$1.class
lt\ltrp\player\AuthController.class
lt\ltrp\player\PlayerCountdown.class
lt\ltrp\Util\Sql.class
lt\ltrp\item\AbstractItem.class
lt\ltrp\player\JailData$JailType.class
lt\ltrp\item\AmphetamineItem$1.class
lt\ltrp\item\DrugItem.class
lt\ltrp\command\CommandParam.class
lt\ltrp\item\SuitcaseItem.class
lt\ltrp\dao\JdbcDAO.class
lt\ltrp\data\Animation.class
lt\ltrp\dao\PlayerDao.class
lt\ltrp\item\CigarettesItem.class
lt\ltrp\Util\AdminLog.class
lt\ltrp\item\DurableItem.class
lt\ltrp\player\AdminCommands.class
lt\ltrp\item\ItemPhone.class
lt\ltrp\event\property\PlayerGarageEvent.class
lt\ltrp\data\LtrpWeaponData.class
lt\ltrp\player\LtrpPlayer.class
lt\ltrp\property\Business.class
lt\ltrp\player\CrashData.class
lt\ltrp\player\LtrpPlayer$1.class
lt\ltrp\player\PlayerController.class
lt\ltrp\plugin\mapandreas\MapAndreas.class
lt\ltrp\player\SpawnController.class
lt\ltrp\PawnCallbacks.class
lt\ltrp\item\CocaineItem$1.class
lt\ltrp\dao\ItemDao.class
lt\ltrp\item\ClothingItem.class
lt\ltrp\plugin\streamer\Streamer.class
lt\ltrp\data\Phonecall.class
lt\ltrp\item\ItemController.class
lt\ltrp\event\player\PlayerLogInEvent.class
lt\ltrp\vehicle\LtrpVehicle.class
lt\ltrp\command\CommandData.class
lt\ltrp\InventoryEntity.class
lt\ltrp\plugin\mapandreas\MapAndreasMode.class
lt\ltrp\item\EctazyItem.class
lt\ltrp\item\Item.class
lt\ltrp\item\BasicItem.class
lt\ltrp\player\PlayerCountdown$1.class
lt\ltrp\property\House.class
lt\ltrp\event\property\PlayerHouseEvent.class
lt\ltrp\event\property\PlayerExitPropertyEvent.class
lt\ltrp\data\Phonecall$PhonecallState.class
lt\ltrp\event\property\PlayerPropertyEvent.class
lt\ltrp\item\DrinkItem.class
lt\ltrp\player\SpawnData.class
lt\ltrp\item\ItemUsageOption.class
lt\ltrp\item\CocaineItem.class
lt\ltrp\object\Fire.class
lt\ltrp\event\item\ItemLocationChangeEvent.class
lt\ltrp\item\FishingRodItem.class
lt\ltrp\player\SpawnController$1.class
lt\ltrp\item\HeroinItem.class
lt\ltrp\plugin\streamer\DynamicSampObject.class
lt\ltrp\item\SqlItemDao.class
lt\ltrp\plugin\streamer\PlayerEditDynamicObjectResponse.class
lt\ltrp\event\property\PlayerExitGarageEvent.class
lt\ltrp\item\FixedSizeInventory.class
lt\ltrp\data\DroppedWeaponData.class
lt\ltrp\event\property\PlayerEnterGarageEvent.class
lt\ltrp\item\MetaamphetamineItem.class
lt\ltrp\data\PhoneContact.class
lt\ltrp\item\MaskItem.class
lt\ltrp\item\HeroinItem$1.class
lt\ltrp\command\PlayerCommandManager.class
lt\ltrp\event\player\PlayerDrawWeaponEvent.class
lt\ltrp\item\ItemPhone$1.class
lt\ltrp\property\HouseUpgradeType.class
lt\ltrp\item\DiceItem.class
lt\ltrp\item\ItemCommands.class
lt\ltrp\item\WeaponItem.class
lt\ltrp\property\Property.class
lt\ltrp\item\ContainerItem.class
lt\ltrp\job\Job.class
lt\ltrp\item\FuelTankItem.class
lt\ltrp\Util\PawnFunc.class
lt\ltrp\NamedEntity.class
lt\ltrp\player\PlayerCountdown$PlayerCountdownCallback.class
lt\ltrp\plugin\streamer\DynamicLabel.class
lt\ltrp\data\Phonebook.class
lt\ltrp\item\HouseAudioItem.class
lt\ltrp\item\ItemCommands$1.class
lt\ltrp\item\ConsumableItem.class
lt\ltrp\Util\Whirlpool.class
lt\ltrp\item\PcpItem$1.class
lt\ltrp\dao\PhoneDao.class
lt\ltrp\dao\impl\SqlPhoneDaoImpl.class
lt\ltrp\item\MeleeWeaponItem.class
lt\ltrp\command\CommandHandler.class
