F:\AAAA\LTRP\gamemodes\src\main\java\lt\ltrp\job\Job.java
F:\AAAA\LTRP\gamemodes\src\main\java\lt\ltrp\Util\Sql.java
F:\AAAA\LTRP\gamemodes\src\main\java\lt\ltrp\item\ItemPhone.java
F:\AAAA\LTRP\gamemodes\src\main\java\lt\ltrp\player\CrashData.java
F:\AAAA\LTRP\gamemodes\src\main\java\lt\ltrp\event\property\PlayerEnterHouseEvent.java
F:\AAAA\LTRP\gamemodes\src\main\java\lt\ltrp\command\CommandData.java
F:\AAAA\LTRP\gamemodes\src\main\java\lt\ltrp\item\ItemUsageOption.java
F:\AAAA\LTRP\gamemodes\src\main\java\lt\ltrp\Entity.java
F:\AAAA\LTRP\gamemodes\src\main\java\lt\ltrp\plugin\mapandreas\MapAndreas.java
F:\AAAA\LTRP\gamemodes\src\main\java\lt\ltrp\item\DrugItem.java
F:\AAAA\LTRP\gamemodes\src\main\java\lt\ltrp\Util\PawnFunc.java
F:\AAAA\LTRP\gamemodes\src\main\java\lt\ltrp\event\property\PlayerEnterBusinessEvent.java
F:\AAAA\LTRP\gamemodes\src\main\java\lt\ltrp\item\BasicItem.java
F:\AAAA\LTRP\gamemodes\src\main\java\lt\ltrp\LtrpGamemode.java
F:\AAAA\LTRP\gamemodes\src\main\java\lt\ltrp\item\HeroinItem.java
F:\AAAA\LTRP\gamemodes\src\main\java\lt\ltrp\event\property\PlayerExitGarageEvent.java
F:\AAAA\LTRP\gamemodes\src\main\java\lt\ltrp\item\CigarettesItem.java
F:\AAAA\LTRP\gamemodes\src\main\java\lt\ltrp\item\WeedSeedItem.java
F:\AAAA\LTRP\gamemodes\src\main\java\lt\ltrp\event\item\ItemLocationChangeEvent.java
F:\AAAA\LTRP\gamemodes\src\main\java\lt\ltrp\player\JailData.java
F:\AAAA\LTRP\gamemodes\src\main\java\lt\ltrp\property\Garage.java
F:\AAAA\LTRP\gamemodes\src\main\java\lt\ltrp\item\FuelTankItem.java
F:\AAAA\LTRP\gamemodes\src\main\java\lt\ltrp\item\HouseAudioItem.java
F:\AAAA\LTRP\gamemodes\src\main\java\lt\ltrp\item\MaskItem.java
F:\AAAA\LTRP\gamemodes\src\main\java\lt\ltrp\data\LtrpWeaponData.java
F:\AAAA\LTRP\gamemodes\src\main\java\lt\ltrp\player\GeneralCommands.java
F:\AAAA\LTRP\gamemodes\src\main\java\lt\ltrp\plugin\PluginWrapper.java
F:\AAAA\LTRP\gamemodes\src\main\java\lt\ltrp\player\PlayerCountdown.java
F:\AAAA\LTRP\gamemodes\src\main\java\lt\ltrp\item\DurableItem.java
F:\AAAA\LTRP\gamemodes\src\main\java\lt\ltrp\item\ItemController.java
F:\AAAA\LTRP\gamemodes\src\main\java\lt\ltrp\event\player\PlayerLogInEvent.java
F:\AAAA\LTRP\gamemodes\src\main\java\lt\ltrp\item\ItemCommands.java
F:\AAAA\LTRP\gamemodes\src\main\java\lt\ltrp\data\Animation.java
F:\AAAA\LTRP\gamemodes\src\main\java\lt\ltrp\event\property\PlayerEnterGarageEvent.java
F:\AAAA\LTRP\gamemodes\src\main\java\lt\ltrp\event\property\PlayerExitPropertyEvent.java
F:\AAAA\LTRP\gamemodes\src\main\java\lt\ltrp\player\LtrpPlayer.java
F:\AAAA\LTRP\gamemodes\src\main\java\lt\ltrp\property\HouseUpgradeType.java
F:\AAAA\LTRP\gamemodes\src\main\java\lt\ltrp\property\Business.java
F:\AAAA\LTRP\gamemodes\src\main\java\lt\ltrp\item\MeleeWeaponItem.java
F:\AAAA\LTRP\gamemodes\src\main\java\lt\ltrp\property\Property.java
F:\AAAA\LTRP\gamemodes\src\main\java\lt\ltrp\event\property\PlayerBusinessEvent.java
F:\AAAA\LTRP\gamemodes\src\main\java\lt\ltrp\dao\impl\SqlPhoneDaoImpl.java
F:\AAAA\LTRP\gamemodes\src\main\java\lt\ltrp\Util\Whirlpool.java
F:\AAAA\LTRP\gamemodes\src\main\java\lt\ltrp\plugin\streamer\DynamicLabel.java
F:\AAAA\LTRP\gamemodes\src\main\java\lt\ltrp\command\PlayerCommandManager.java
F:\AAAA\LTRP\gamemodes\src\main\java\lt\ltrp\data\PhoneContact.java
F:\AAAA\LTRP\gamemodes\src\main\java\lt\ltrp\item\MetaamphetamineItem.java
F:\AAAA\LTRP\gamemodes\src\main\java\lt\ltrp\item\Inventory.java
F:\AAAA\LTRP\gamemodes\src\main\java\lt\ltrp\item\ConsumableItem.java
F:\AAAA\LTRP\gamemodes\src\main\java\lt\ltrp\player\AdminCommands.java
F:\AAAA\LTRP\gamemodes\src\main\java\lt\ltrp\object\Fire.java
F:\AAAA\LTRP\gamemodes\src\main\java\lt\ltrp\item\EctazyItem.java
F:\AAAA\LTRP\gamemodes\src\main\java\lt\ltrp\item\ClothingItem.java
F:\AAAA\LTRP\gamemodes\src\main\java\lt\ltrp\Util\AdminLog.java
F:\AAAA\LTRP\gamemodes\src\main\java\lt\ltrp\data\Color.java
F:\AAAA\LTRP\gamemodes\src\main\java\lt\ltrp\event\property\PlayerGarageEvent.java
F:\AAAA\LTRP\gamemodes\src\main\java\lt\ltrp\event\property\PlayerPropertyEvent.java
F:\AAAA\LTRP\gamemodes\src\main\java\lt\ltrp\player\SpawnData.java
F:\AAAA\LTRP\gamemodes\src\main\java\lt\ltrp\plugin\streamer\DynamicSampObject.java
F:\AAAA\LTRP\gamemodes\src\main\java\lt\ltrp\event\player\PlayerDataLoadEvent.java
F:\AAAA\LTRP\gamemodes\src\main\java\lt\ltrp\event\player\PlayerSpawnSetUpEvent.java
F:\AAAA\LTRP\gamemodes\src\main\java\lt\ltrp\event\property\PlayerHouseEvent.java
F:\AAAA\LTRP\gamemodes\src\main\java\lt\ltrp\dao\DAOFactory.java
F:\AAAA\LTRP\gamemodes\src\main\java\lt\ltrp\vehicle\FuelTank.java
F:\AAAA\LTRP\gamemodes\src\main\java\lt\ltrp\item\MolotovItem.java
F:\AAAA\LTRP\gamemodes\src\main\java\lt\ltrp\item\DiceItem.java
F:\AAAA\LTRP\gamemodes\src\main\java\lt\ltrp\dao\PhoneDao.java
F:\AAAA\LTRP\gamemodes\src\main\java\lt\ltrp\item\FixedSizeInventory.java
F:\AAAA\LTRP\gamemodes\src\main\java\lt\ltrp\dao\PlayerDao.java
F:\AAAA\LTRP\gamemodes\src\main\java\lt\ltrp\item\Item.java
F:\AAAA\LTRP\gamemodes\src\main\java\lt\ltrp\item\AmphetamineItem.java
F:\AAAA\LTRP\gamemodes\src\main\java\lt\ltrp\data\DroppedWeaponData.java
F:\AAAA\LTRP\gamemodes\src\main\java\lt\ltrp\data\Phonecall.java
F:\AAAA\LTRP\gamemodes\src\main\java\lt\ltrp\event\property\PlayerEnterPropertyEvent.java
F:\AAAA\LTRP\gamemodes\src\main\java\lt\ltrp\InventoryEntity.java
F:\AAAA\LTRP\gamemodes\src\main\java\lt\ltrp\property\House.java
F:\AAAA\LTRP\gamemodes\src\main\java\lt\ltrp\plugin\streamer\PlayerEditDynamicObjectResponse.java
F:\AAAA\LTRP\gamemodes\src\main\java\lt\ltrp\property\PropertyManager.java
F:\AAAA\LTRP\gamemodes\src\main\java\lt\ltrp\player\SpawnController.java
F:\AAAA\LTRP\gamemodes\src\main\java\lt\ltrp\event\property\PlayerExitHouseEvent.java
F:\AAAA\LTRP\gamemodes\src\main\java\lt\ltrp\vehicle\LtrpVehicle.java
F:\AAAA\LTRP\gamemodes\src\main\java\lt\ltrp\NamedEntity.java
F:\AAAA\LTRP\gamemodes\src\main\java\lt\ltrp\command\CommandHandler.java
F:\AAAA\LTRP\gamemodes\src\main\java\lt\ltrp\item\DrinkItem.java
F:\AAAA\LTRP\gamemodes\src\main\java\lt\ltrp\item\ContainerItem.java
F:\AAAA\LTRP\gamemodes\src\main\java\lt\ltrp\plugin\streamer\Streamer.java
F:\AAAA\LTRP\gamemodes\src\main\java\lt\ltrp\command\CommandParam.java
F:\AAAA\LTRP\gamemodes\src\main\java\lt\ltrp\plugin\mapandreas\MapAndreasMode.java
F:\AAAA\LTRP\gamemodes\src\main\java\lt\ltrp\player\AuthController.java
F:\AAAA\LTRP\gamemodes\src\main\java\lt\ltrp\PawnCallbacks.java
F:\AAAA\LTRP\gamemodes\src\main\java\lt\ltrp\dao\impl\SqlPlayerDaoImpl.java
F:\AAAA\LTRP\gamemodes\src\main\java\lt\ltrp\event\player\PlayerDrawWeaponEvent.java
F:\AAAA\LTRP\gamemodes\src\main\java\lt\ltrp\player\PlayerController.java
F:\AAAA\LTRP\gamemodes\src\main\java\lt\ltrp\data\PhoneSms.java
F:\AAAA\LTRP\gamemodes\src\main\java\lt\ltrp\data\Phonebook.java
F:\AAAA\LTRP\gamemodes\src\main\java\lt\ltrp\item\FishingRodItem.java
F:\AAAA\LTRP\gamemodes\src\main\java\lt\ltrp\item\WeaponItem.java
F:\AAAA\LTRP\gamemodes\src\main\java\lt\ltrp\item\CocaineItem.java
F:\AAAA\LTRP\gamemodes\src\main\java\lt\ltrp\plugin\streamer\event\player\PlayerEditDynamicObjectEvent.java
F:\AAAA\LTRP\gamemodes\src\main\java\lt\ltrp\event\property\PlayerExitBusinessEvent.java
F:\AAAA\LTRP\gamemodes\src\main\java\lt\ltrp\item\ItemType.java
F:\AAAA\LTRP\gamemodes\src\main\java\lt\ltrp\item\PcpItem.java
