F:\AAAA\LTRP\gamemodes\src\main\java\lt\ltrp\dao\DAOFactory.java
F:\AAAA\LTRP\gamemodes\src\main\java\lt\ltrp\event\player\PlayerLogInEvent.java
F:\AAAA\LTRP\gamemodes\src\main\java\lt\ltrp\player\PlayerController.java
F:\AAAA\LTRP\gamemodes\src\main\java\lt\ltrp\player\CrashData.java
F:\AAAA\LTRP\gamemodes\src\main\java\lt\ltrp\player\JailData.java
F:\AAAA\LTRP\gamemodes\src\main\java\lt\ltrp\dao\PlayerDao.java
F:\AAAA\LTRP\gamemodes\src\main\java\lt\ltrp\player\AuthController.java
F:\AAAA\LTRP\gamemodes\src\main\java\lt\ltrp\player\LtrpPlayer.java
F:\AAAA\LTRP\gamemodes\src\main\java\lt\ltrp\player\SpawnData.java
F:\AAAA\LTRP\gamemodes\src\main\java\lt\ltrp\PawnCallbacks.java
F:\AAAA\LTRP\gamemodes\src\main\java\lt\ltrp\dao\impl\SqlPlayerDaoImpl.java
F:\AAAA\LTRP\gamemodes\src\main\java\lt\ltrp\player\SpawnController.java
F:\AAAA\LTRP\gamemodes\src\main\java\lt\ltrp\event\player\PlayerDataLoadEvent.java
F:\AAAA\LTRP\gamemodes\src\main\java\lt\ltrp\Util\PawnFunc.java
F:\AAAA\LTRP\gamemodes\src\main\java\lt\ltrp\event\player\PlayerSpawnSetUpEvent.java
F:\AAAA\LTRP\gamemodes\src\main\java\lt\ltrp\LtrpGamemode.java
