C:\GitHub\ltrp\shoebill_plugins\EntrancePlugin\src\main\java\lt\ltrp\object\impl\EntranceImpl.java
C:\GitHub\ltrp\shoebill_plugins\EntrancePlugin\src\main\java\lt\ltrp\event\EntranceEvent.java
C:\GitHub\ltrp\shoebill_plugins\EntrancePlugin\src\main\java\lt\ltrp\dao\EntranceDao.java
C:\GitHub\ltrp\shoebill_plugins\EntrancePlugin\src\main\java\lt\ltrp\EntrancePlugin.java
C:\GitHub\ltrp\shoebill_plugins\EntrancePlugin\src\main\java\lt\ltrp\dao\impl\MySqlEntranceDaoImpl.java
C:\GitHub\ltrp\shoebill_plugins\EntrancePlugin\src\main\java\lt\ltrp\dialog\EntranceListManagementDialog.java
C:\GitHub\ltrp\shoebill_plugins\EntrancePlugin\src\main\java\lt\ltrp\dialog\EntranceManagementDialog.java
C:\GitHub\ltrp\shoebill_plugins\EntrancePlugin\src\main\java\lt\ltrp\event\PlayerEnterEntranceEvent.java
C:\GitHub\ltrp\shoebill_plugins\EntrancePlugin\src\main\java\lt\ltrp\event\EntrancePlayerEvent.java
C:\GitHub\ltrp\shoebill_plugins\EntrancePlugin\src\main\java\lt\ltrp\event\EntranceCreateEvent.java
C:\GitHub\ltrp\shoebill_plugins\EntrancePlugin\src\main\java\lt\ltrp\dialog\EntranceUUIDInputDialog.java
C:\GitHub\ltrp\shoebill_plugins\EntrancePlugin\src\main\java\lt\ltrp\object\Entrance.java
C:\GitHub\ltrp\shoebill_plugins\EntrancePlugin\src\main\java\lt\ltrp\event\EntranceDestroyEvent.java
C:\GitHub\ltrp\shoebill_plugins\EntrancePlugin\src\main\java\lt\ltrp\command\EntranceCommands.java
C:\GitHub\ltrp\shoebill_plugins\EntrancePlugin\src\main\java\lt\ltrp\dialog\EntranceNameInputDialog.java
C:\GitHub\ltrp\shoebill_plugins\EntrancePlugin\src\main\java\lt\ltrp\dialog\EntranceColorListDialog.java
C:\GitHub\ltrp\shoebill_plugins\EntrancePlugin\src\main\java\lt\ltrp\dialog\EntranceJobDialog.java
