C:\GitHub\ltrp\shoebill_plugins\AdminPlugin\src\main\java\lt\ltrp\event\VoteStartEvent.java
C:\GitHub\ltrp\shoebill_plugins\AdminPlugin\src\main\java\lt\ltrp\command\SetStatGroupCommands.java
C:\GitHub\ltrp\shoebill_plugins\AdminPlugin\src\main\java\lt\ltrp\dialog\PlayerReportMsgBoxDialog.java
C:\GitHub\ltrp\shoebill_plugins\AdminPlugin\src\main\java\lt\ltrp\command\AdminCommands.java
C:\GitHub\ltrp\shoebill_plugins\AdminPlugin\src\main\java\lt\ltrp\data\PlayerReport.java
C:\GitHub\ltrp\shoebill_plugins\AdminPlugin\src\main\java\lt\ltrp\dialog\ServerStatsMsgBoxDialog.java
C:\GitHub\ltrp\shoebill_plugins\AdminPlugin\src\main\java\lt\ltrp\data\Vote.java
C:\GitHub\ltrp\shoebill_plugins\AdminPlugin\src\main\java\lt\ltrp\event\VoteEndEvent.java
C:\GitHub\ltrp\shoebill_plugins\AdminPlugin\src\main\java\lt\ltrp\dialog\NewVoteQuestionInputDialog.java
C:\GitHub\ltrp\shoebill_plugins\AdminPlugin\src\main\java\lt\ltrp\command\PlayerReportCommands.java
C:\GitHub\ltrp\shoebill_plugins\AdminPlugin\src\main\java\lt\ltrp\event\PlayerAcceptPlayerQuestion.java
C:\GitHub\ltrp\shoebill_plugins\AdminPlugin\src\main\java\lt\ltrp\event\VoteEvent.java
C:\GitHub\ltrp\shoebill_plugins\AdminPlugin\src\main\java\lt\ltrp\command\ModeratorCommands.java
C:\GitHub\ltrp\shoebill_plugins\AdminPlugin\src\main\java\lt\ltrp\dialog\PlayerQuestionListDialog.java
C:\GitHub\ltrp\shoebill_plugins\AdminPlugin\src\main\java\lt\ltrp\dialog\AdminServerManagementDialog.java
C:\GitHub\ltrp\shoebill_plugins\AdminPlugin\src\main\java\lt\ltrp\dialog\WeaponListDialog.java
C:\GitHub\ltrp\shoebill_plugins\AdminPlugin\src\main\java\lt\ltrp\command\PlayerCommands.java
C:\GitHub\ltrp\shoebill_plugins\AdminPlugin\src\main\java\lt\ltrp\dialog\PlayerQuestionMsgBoxDialog.java
C:\GitHub\ltrp\shoebill_plugins\AdminPlugin\src\main\java\lt\ltrp\AdminPlugin.java
C:\GitHub\ltrp\shoebill_plugins\AdminPlugin\src\main\java\lt\ltrp\data\PlayerQuestion.java
C:\GitHub\ltrp\shoebill_plugins\AdminPlugin\src\main\java\lt\ltrp\event\PlayerRejectPlayerQuestion.java
C:\GitHub\ltrp\shoebill_plugins\AdminPlugin\src\main\java\lt\ltrp\dialog\PlayerReportListDialog.java
