lt\ltrp\dialog\LabelWeaponShopManagementDialog.class
lt\ltrp\event\WeaponShopUpdateEvent.class
lt\ltrp\WeaponShopPlugin.class
lt\ltrp\dialog\WeaponShopNameInputDialog.class
lt\ltrp\dao\WeaponShopDao.class
lt\ltrp\event\WeaponShopDestroyEvent.class
lt\ltrp\object\LabelWeaponShop.class
lt\ltrp\dialog\WeaponShopWeaponAmmoInputDialog.class
lt\ltrp\dialog\LabelWeaponShopColorInputDialog.class
lt\ltrp\dialog\LabelWeaponShopTextInputDialog.class
lt\ltrp\dialog\PickupWeaponShopTextInputDialog.class
lt\ltrp\dialog\WeaponShopWeaponListDialog$AbstractWeaponShopWeaponListDialogBuilder.class
lt\ltrp\dialog\WeaponShopSoldWeaponListDialog.class
lt\ltrp\dialog\WeaponShopWeaponNameInputDialog.class
lt\ltrp\command\WeaponShopCommands.class
lt\ltrp\object\impl\AbstractWeaponShop.class
lt\ltrp\dialog\WeaponShopWeaponRemoveDialog.class
lt\ltrp\dialog\WeaponShopWeaponPropertyManagementDialog.class
lt\ltrp\dialog\WeaponShopWeaponPropertyManagementDialog2.class
lt\ltrp\dialog\WeaponShopSoldWeaponConfirmDialog.class
lt\ltrp\dialog\WeaponShopWeaponListDialog$SelectWeaponHandler.class
lt\ltrp\event\WeaponShopEvent.class
lt\ltrp\dialog\PickupWeaponShopManagementDialog.class
lt\ltrp\dao\WeaponShopWeaponDao.class
lt\ltrp\dialog\WeaponShopWeaponListDialog$WeaponShopWeaponListDialogBuilder.class
lt\ltrp\object\impl\LabelWeaponShopImpl.class
lt\ltrp\object\WeaponShop.class
lt\ltrp\dialog\PickupWeaponShopModelIdInputDialog.class
lt\ltrp\dialog\WeaponShopSoldWeaponManagementDialog.class
lt\ltrp\dialog\WeaponShopWeaponPriceInputDialog.class
lt\ltrp\dialog\WeaponShopLocationDialog.class
lt\ltrp\dialog\WeaponShopWeaponListDialog.class
lt\ltrp\object\PickupWeaponShop.class
lt\ltrp\object\impl\PickupWeaponShopImpl.class
