C:\GitHub\ltrp\shoebill_plugins\WeaponShopPlugin\src\main\java\lt\ltrp\dialog\WeaponShopWeaponRemoveDialog.java
C:\GitHub\ltrp\shoebill_plugins\WeaponShopPlugin\src\main\java\lt\ltrp\dialog\WeaponShopWeaponPriceInputDialog.java
C:\GitHub\ltrp\shoebill_plugins\WeaponShopPlugin\src\main\java\lt\ltrp\object\PickupWeaponShop.java
C:\GitHub\ltrp\shoebill_plugins\WeaponShopPlugin\src\main\java\lt\ltrp\dao\WeaponShopWeaponDao.java
C:\GitHub\ltrp\shoebill_plugins\WeaponShopPlugin\src\main\java\lt\ltrp\dialog\PickupWeaponShopModelIdInputDialog.java
C:\GitHub\ltrp\shoebill_plugins\WeaponShopPlugin\src\main\java\lt\ltrp\dialog\PickupWeaponShopTextInputDialog.java
C:\GitHub\ltrp\shoebill_plugins\WeaponShopPlugin\src\main\java\lt\ltrp\dialog\WeaponShopSoldWeaponConfirmDialog.java
C:\GitHub\ltrp\shoebill_plugins\WeaponShopPlugin\src\main\java\lt\ltrp\dialog\WeaponShopSoldWeaponListDialog.java
C:\GitHub\ltrp\shoebill_plugins\WeaponShopPlugin\src\main\java\lt\ltrp\dialog\WeaponShopNameInputDialog.java
C:\GitHub\ltrp\shoebill_plugins\WeaponShopPlugin\src\main\java\lt\ltrp\object\impl\AbstractWeaponShop.java
C:\GitHub\ltrp\shoebill_plugins\WeaponShopPlugin\src\main\java\lt\ltrp\WeaponShopPlugin.java
C:\GitHub\ltrp\shoebill_plugins\WeaponShopPlugin\src\main\java\lt\ltrp\dialog\LabelWeaponShopColorInputDialog.java
C:\GitHub\ltrp\shoebill_plugins\WeaponShopPlugin\src\main\java\lt\ltrp\command\WeaponShopCommands.java
C:\GitHub\ltrp\shoebill_plugins\WeaponShopPlugin\src\main\java\lt\ltrp\object\WeaponShop.java
C:\GitHub\ltrp\shoebill_plugins\WeaponShopPlugin\src\main\java\lt\ltrp\dialog\LabelWeaponShopManagementDialog.java
C:\GitHub\ltrp\shoebill_plugins\WeaponShopPlugin\src\main\java\lt\ltrp\object\impl\LabelWeaponShopImpl.java
C:\GitHub\ltrp\shoebill_plugins\WeaponShopPlugin\src\main\java\lt\ltrp\object\LabelWeaponShop.java
C:\GitHub\ltrp\shoebill_plugins\WeaponShopPlugin\src\main\java\lt\ltrp\event\WeaponShopUpdateEvent.java
C:\GitHub\ltrp\shoebill_plugins\WeaponShopPlugin\src\main\java\lt\ltrp\dialog\WeaponShopSoldWeaponManagementDialog.java
C:\GitHub\ltrp\shoebill_plugins\WeaponShopPlugin\src\main\java\lt\ltrp\dialog\PickupWeaponShopManagementDialog.java
C:\GitHub\ltrp\shoebill_plugins\WeaponShopPlugin\src\main\java\lt\ltrp\event\WeaponShopDestroyEvent.java
C:\GitHub\ltrp\shoebill_plugins\WeaponShopPlugin\src\main\java\lt\ltrp\event\WeaponShopEvent.java
C:\GitHub\ltrp\shoebill_plugins\WeaponShopPlugin\src\main\java\lt\ltrp\dialog\WeaponShopWeaponListDialog.java
C:\GitHub\ltrp\shoebill_plugins\WeaponShopPlugin\src\main\java\lt\ltrp\dialog\WeaponShopLocationDialog.java
C:\GitHub\ltrp\shoebill_plugins\WeaponShopPlugin\src\main\java\lt\ltrp\dialog\WeaponShopWeaponPropertyManagementDialog.java
C:\GitHub\ltrp\shoebill_plugins\WeaponShopPlugin\src\main\java\lt\ltrp\dialog\WeaponShopWeaponAmmoInputDialog.java
C:\GitHub\ltrp\shoebill_plugins\WeaponShopPlugin\src\main\java\lt\ltrp\dialog\WeaponShopWeaponNameInputDialog.java
C:\GitHub\ltrp\shoebill_plugins\WeaponShopPlugin\src\main\java\lt\ltrp\dialog\LabelWeaponShopTextInputDialog.java
C:\GitHub\ltrp\shoebill_plugins\WeaponShopPlugin\src\main\java\lt\ltrp\dialog\WeaponShopWeaponPropertyManagementDialog2.java
C:\GitHub\ltrp\shoebill_plugins\WeaponShopPlugin\src\main\java\lt\ltrp\dao\WeaponShopDao.java
C:\GitHub\ltrp\shoebill_plugins\WeaponShopPlugin\src\main\java\lt\ltrp\object\impl\PickupWeaponShopImpl.java
