C:\GitHub\ltrp\shoebill_plugins\JobPlugin\src\main\java\lt\ltrp\command\DepartmentChatCommand.java
C:\GitHub\ltrp\shoebill_plugins\JobPlugin\src\main\java\lt\ltrp\AbstractJobManager.java
C:\GitHub\ltrp\shoebill_plugins\JobPlugin\src\main\java\lt\ltrp\dao\impl\FileJobDaoImpl.java
C:\GitHub\ltrp\shoebill_plugins\JobPlugin\src\main\java\lt\ltrp\object\impl\AbstractJob.java
C:\GitHub\ltrp\shoebill_plugins\JobPlugin\src\main\java\lt\ltrp\dao\impl\MySqlJobDaoImpl.java
C:\GitHub\ltrp\shoebill_plugins\JobPlugin\src\main\java\lt\ltrp\object\impl\ContractJobRankImpl.java
C:\GitHub\ltrp\shoebill_plugins\JobPlugin\src\main\java\lt\ltrp\object\impl\FactionRankImpl.java
C:\GitHub\ltrp\shoebill_plugins\JobPlugin\src\main\java\lt\ltrp\object\impl\JobGateImpl.java
C:\GitHub\ltrp\shoebill_plugins\JobPlugin\src\main\java\lt\ltrp\JobPlugin.java
C:\GitHub\ltrp\shoebill_plugins\JobPlugin\src\main\java\lt\ltrp\object\impl\AbstractContractJob.java
C:\GitHub\ltrp\shoebill_plugins\JobPlugin\src\main\java\lt\ltrp\constant\JobProperty.java
C:\GitHub\ltrp\shoebill_plugins\JobPlugin\src\main\java\lt\ltrp\dao\impl\MySqlFactionDaoImpl.java
C:\GitHub\ltrp\shoebill_plugins\JobPlugin\src\main\java\lt\ltrp\command\TestCommands.java
C:\GitHub\ltrp\shoebill_plugins\JobPlugin\src\main\java\lt\ltrp\dao\impl\MySqlJobGateDaoImpl.java
