C:\GitHub\ltrp\shoebill_plugins\PoliceJobPlugin\src\main\java\lt\ltrp\dao\impl\MySqlPoliceFactionImpl.java
C:\GitHub\ltrp\shoebill_plugins\PoliceJobPlugin\src\main\java\lt\ltrp\dialog\PoliceGearListDialog.java
C:\GitHub\ltrp\shoebill_plugins\PoliceJobPlugin\src\main\java\lt\ltrp\dialog\CrimeListDialog.java
C:\GitHub\ltrp\shoebill_plugins\PoliceJobPlugin\src\main\java\lt\ltrp\dialog\CrimeDialog.java
C:\GitHub\ltrp\shoebill_plugins\PoliceJobPlugin\src\main\java\lt\ltrp\dialog\ConfirmDelArrestMsgboxDialog.java
C:\GitHub\ltrp\shoebill_plugins\PoliceJobPlugin\src\main\java\lt\ltrp\DragTimer.java
C:\GitHub\ltrp\shoebill_plugins\PoliceJobPlugin\src\main\java\lt\ltrp\command\PoliceLeaderCommands.java
C:\GitHub\ltrp\shoebill_plugins\PoliceJobPlugin\src\main\java\lt\ltrp\object\impl\PoliceFactionImpl.java
C:\GitHub\ltrp\shoebill_plugins\PoliceJobPlugin\src\main\java\lt\ltrp\command\SwatCommands.java
C:\GitHub\ltrp\shoebill_plugins\PoliceJobPlugin\src\main\java\lt\ltrp\dao\PoliceFactionDao.java
C:\GitHub\ltrp\shoebill_plugins\PoliceJobPlugin\src\main\java\lt\ltrp\PoliceJobPlugin.java
C:\GitHub\ltrp\shoebill_plugins\PoliceJobPlugin\src\main\java\lt\ltrp\command\CivilianCommands.java
C:\GitHub\ltrp\shoebill_plugins\PoliceJobPlugin\src\main\java\lt\ltrp\object\PoliceFaction.java
C:\GitHub\ltrp\shoebill_plugins\PoliceJobPlugin\src\main\java\lt\ltrp\dialog\PoliceWeaponryDialog.java
C:\GitHub\ltrp\shoebill_plugins\PoliceJobPlugin\src\main\java\lt\ltrp\command\PoliceCommands.java
C:\GitHub\ltrp\shoebill_plugins\PoliceJobPlugin\src\main\java\lt\ltrp\dialog\PoliceDatabaseMenu.java
