lt\ltrp\event\PlayerVehicleBuyAlarmEvent.class
lt\ltrp\constant\PlayerVehiclePermission.class
lt\ltrp\event\PlayerVehicleAddPermissionEvent.class
lt\ltrp\dao\PlayerVehicleFineDao.class
lt\ltrp\dao\PlayerVehiclePermissionDao.class
lt\ltrp\event\PlayerVehicleBuyLockEvent.class
lt\ltrp\event\PlayerVehicleParkEvent.class
lt\ltrp\data\VehicleFine.class
lt\ltrp\data\PlayerVehicleArrest.class
lt\ltrp\dialog\VehicleFineListDialog.class
lt\ltrp\object\impl\PersonalAlarm.class
lt\ltrp\dialog\VehicleFineListDialog$VehicleFineListDialogBuilder.class
lt\ltrp\dao\impl\MySqlPlayerVehiclePermissionDaoImpl.class
lt\ltrp\dialog\VehicleUserManagementDialog.class
lt\ltrp\dao\PlayerVehicleArrestDao.class
lt\ltrp\object\PlayerVehicle.class
lt\ltrp\event\PlayerVehicleEvent.class
lt\ltrp\command\PlayerVehicleCommands.class
lt\ltrp\event\PlayerVehicleSellEvent.class
lt\ltrp\dialog\VehiclePermissionListDialog$AbstractVehiclePermissionListDialogBuilder.class
lt\ltrp\object\impl\PlayerVehicleImpl.class
lt\ltrp\event\PlayerVehicleUpdateParkEvent.class
lt\ltrp\data\PlayerVehicleMetadata.class
lt\ltrp\event\PlayerVehicleDestroyEvent.class
lt\ltrp\command\GeneralPlayerVehicleCommands.class
lt\ltrp\data\BuyVehicleOffer.class
lt\ltrp\event\PlayerVehicleRemovePermissionEvent.class
lt\ltrp\dialog\VehicleFineListDialog$SelectFineHandler.class
lt\ltrp\dialog\VehicleFineListDialog$AbstractVehicleFineListDialogBuilder.class
lt\ltrp\dialog\VehiclePermissionListDialog$SelectPermissionHandler.class
lt\ltrp\event\PlayerVehicleBuyInsuranceEvent.class
lt\ltrp\dialog\ConfirmScrapMsgBoxDialog.class
lt\ltrp\dao\PlayerVehicleDao.class
lt\ltrp\dao\impl\MySqlPlayerVehicleDaoImpl.class
lt\ltrp\command\PlayerVehicleAcceptCommand.class
lt\ltrp\dialog\VehiclePermissionListDialog$VehiclePermissionListDialogBuilder.class
lt\ltrp\event\PlayerVehicleScrapEvent.class
lt\ltrp\dialog\VehicleNewFineInputDialog.class
lt\ltrp\dialog\VehiclePermissionListDialog.class
lt\ltrp\object\impl\SimpleAlarm.class
lt\ltrp\event\PlayerVehicleArrestEvent.class
lt\ltrp\dao\impl\MySqlPlayerVehicleFineDaoImpl.class
lt\ltrp\dialog\ConfirmPayFineMsgBoxDialog.class
lt\ltrp\PlayerVehiclePlugin.class
lt\ltrp\event\PlayerVehicleArrestDeleteEvent.class
lt\ltrp\dao\impl\MySqlPlayerVehicleArrestDaoImpl.class
lt\ltrp\dialog\VehicleUserPermissionDialog.class
lt\ltrp\object\VehicleAlarm.class
lt\ltrp\object\impl\PoliceAlertAlarm.class
lt\ltrp\dialog\VehicleFineMsgBoxDialog.class
