C:\GitHub\ltrp\shoebill_plugins\PlayerVehiclePlugin\src\main\java\lt\ltrp\event\PlayerVehicleBuyLockEvent.java
C:\GitHub\ltrp\shoebill_plugins\PlayerVehiclePlugin\src\main\java\lt\ltrp\object\impl\SimpleAlarm.java
C:\GitHub\ltrp\shoebill_plugins\PlayerVehiclePlugin\src\main\java\lt\ltrp\event\PlayerVehicleParkEvent.java
C:\GitHub\ltrp\shoebill_plugins\PlayerVehiclePlugin\src\main\java\lt\ltrp\object\impl\PersonalAlarm.java
C:\GitHub\ltrp\shoebill_plugins\PlayerVehiclePlugin\src\main\java\lt\ltrp\dialog\VehicleFineListDialog.java
C:\GitHub\ltrp\shoebill_plugins\PlayerVehiclePlugin\src\main\java\lt\ltrp\dialog\VehicleFineMsgBoxDialog.java
C:\GitHub\ltrp\shoebill_plugins\PlayerVehiclePlugin\src\main\java\lt\ltrp\dao\PlayerVehiclePermissionDao.java
C:\GitHub\ltrp\shoebill_plugins\PlayerVehiclePlugin\src\main\java\lt\ltrp\object\impl\PlayerVehicleImpl.java
C:\GitHub\ltrp\shoebill_plugins\PlayerVehiclePlugin\src\main\java\lt\ltrp\event\PlayerVehicleSellEvent.java
C:\GitHub\ltrp\shoebill_plugins\PlayerVehiclePlugin\src\main\java\lt\ltrp\event\PlayerVehicleScrapEvent.java
C:\GitHub\ltrp\shoebill_plugins\PlayerVehiclePlugin\src\main\java\lt\ltrp\dao\PlayerVehicleArrestDao.java
C:\GitHub\ltrp\shoebill_plugins\PlayerVehiclePlugin\src\main\java\lt\ltrp\dao\PlayerVehicleFineDao.java
C:\GitHub\ltrp\shoebill_plugins\PlayerVehiclePlugin\src\main\java\lt\ltrp\dialog\VehicleUserManagementDialog.java
C:\GitHub\ltrp\shoebill_plugins\PlayerVehiclePlugin\src\main\java\lt\ltrp\event\PlayerVehicleUpdateParkEvent.java
C:\GitHub\ltrp\shoebill_plugins\PlayerVehiclePlugin\src\main\java\lt\ltrp\event\PlayerVehicleArrestDeleteEvent.java
C:\GitHub\ltrp\shoebill_plugins\PlayerVehiclePlugin\src\main\java\lt\ltrp\dao\impl\MySqlPlayerVehicleDaoImpl.java
C:\GitHub\ltrp\shoebill_plugins\PlayerVehiclePlugin\src\main\java\lt\ltrp\event\PlayerVehicleBuyAlarmEvent.java
C:\GitHub\ltrp\shoebill_plugins\PlayerVehiclePlugin\src\main\java\lt\ltrp\object\PlayerVehicle.java
C:\GitHub\ltrp\shoebill_plugins\PlayerVehiclePlugin\src\main\java\lt\ltrp\data\BuyVehicleOffer.java
C:\GitHub\ltrp\shoebill_plugins\PlayerVehiclePlugin\src\main\java\lt\ltrp\event\PlayerVehicleRemovePermissionEvent.java
C:\GitHub\ltrp\shoebill_plugins\PlayerVehiclePlugin\src\main\java\lt\ltrp\command\PlayerVehicleCommands.java
C:\GitHub\ltrp\shoebill_plugins\PlayerVehiclePlugin\src\main\java\lt\ltrp\dialog\ConfirmScrapMsgBoxDialog.java
C:\GitHub\ltrp\shoebill_plugins\PlayerVehiclePlugin\src\main\java\lt\ltrp\dialog\VehicleNewFineInputDialog.java
C:\GitHub\ltrp\shoebill_plugins\PlayerVehiclePlugin\src\main\java\lt\ltrp\event\PlayerVehicleEvent.java
C:\GitHub\ltrp\shoebill_plugins\PlayerVehiclePlugin\src\main\java\lt\ltrp\event\PlayerVehicleDestroyEvent.java
C:\GitHub\ltrp\shoebill_plugins\PlayerVehiclePlugin\src\main\java\lt\ltrp\command\PlayerVehicleAcceptCommand.java
C:\GitHub\ltrp\shoebill_plugins\PlayerVehiclePlugin\src\main\java\lt\ltrp\data\VehicleFine.java
C:\GitHub\ltrp\shoebill_plugins\PlayerVehiclePlugin\src\main\java\lt\ltrp\constant\PlayerVehiclePermission.java
C:\GitHub\ltrp\shoebill_plugins\PlayerVehiclePlugin\src\main\java\lt\ltrp\data\PlayerVehicleMetadata.java
C:\GitHub\ltrp\shoebill_plugins\PlayerVehiclePlugin\src\main\java\lt\ltrp\event\PlayerVehicleBuyInsuranceEvent.java
C:\GitHub\ltrp\shoebill_plugins\PlayerVehiclePlugin\src\main\java\lt\ltrp\dao\impl\MySqlPlayerVehiclePermissionDaoImpl.java
C:\GitHub\ltrp\shoebill_plugins\PlayerVehiclePlugin\src\main\java\lt\ltrp\dao\impl\MySqlPlayerVehicleArrestDaoImpl.java
C:\GitHub\ltrp\shoebill_plugins\PlayerVehiclePlugin\src\main\java\lt\ltrp\dialog\VehicleUserPermissionDialog.java
C:\GitHub\ltrp\shoebill_plugins\PlayerVehiclePlugin\src\main\java\lt\ltrp\dialog\ConfirmPayFineMsgBoxDialog.java
C:\GitHub\ltrp\shoebill_plugins\PlayerVehiclePlugin\src\main\java\lt\ltrp\command\GeneralPlayerVehicleCommands.java
C:\GitHub\ltrp\shoebill_plugins\PlayerVehiclePlugin\src\main\java\lt\ltrp\event\PlayerVehicleArrestEvent.java
C:\GitHub\ltrp\shoebill_plugins\PlayerVehiclePlugin\src\main\java\lt\ltrp\PlayerVehiclePlugin.java
C:\GitHub\ltrp\shoebill_plugins\PlayerVehiclePlugin\src\main\java\lt\ltrp\object\impl\PoliceAlertAlarm.java
C:\GitHub\ltrp\shoebill_plugins\PlayerVehiclePlugin\src\main\java\lt\ltrp\object\VehicleAlarm.java
C:\GitHub\ltrp\shoebill_plugins\PlayerVehiclePlugin\src\main\java\lt\ltrp\dialog\VehiclePermissionListDialog.java
C:\GitHub\ltrp\shoebill_plugins\PlayerVehiclePlugin\src\main\java\lt\ltrp\dao\impl\MySqlPlayerVehicleFineDaoImpl.java
C:\GitHub\ltrp\shoebill_plugins\PlayerVehiclePlugin\src\main\java\lt\ltrp\dao\PlayerVehicleDao.java
C:\GitHub\ltrp\shoebill_plugins\PlayerVehiclePlugin\src\main\java\lt\ltrp\event\PlayerVehicleAddPermissionEvent.java
C:\GitHub\ltrp\shoebill_plugins\PlayerVehiclePlugin\src\main\java\lt\ltrp\data\PlayerVehicleArrest.java
