C:\GitHub\ltrp\shoebill_plugins\GaragePlugin\src\main\java\lt\ltrp\dialog\GarageNameInputDialog.java
C:\GitHub\ltrp\shoebill_plugins\GaragePlugin\src\main\java\lt\ltrp\dao\impl\MySqlGarageDaoImpl.java
C:\GitHub\ltrp\shoebill_plugins\GaragePlugin\src\main\java\lt\ltrp\dialog\GarageRemoveOwnerMsgBoxDialog.java
C:\GitHub\ltrp\shoebill_plugins\GaragePlugin\src\main\java\lt\ltrp\command\GarageCommands.java
C:\GitHub\ltrp\shoebill_plugins\GaragePlugin\src\main\java\lt\ltrp\dialog\AdminGarageManagementDialog.java
C:\GitHub\ltrp\shoebill_plugins\GaragePlugin\src\main\java\lt\ltrp\object\impl\GarageImpl.java
C:\GitHub\ltrp\shoebill_plugins\GaragePlugin\src\main\java\lt\ltrp\dialog\GarageInfoMessageDialog.java
C:\GitHub\ltrp\shoebill_plugins\GaragePlugin\src\main\java\lt\ltrp\dialog\GarageUUIDInputDialog.java
C:\GitHub\ltrp\shoebill_plugins\GaragePlugin\src\main\java\lt\ltrp\GaragePlugin.java
C:\GitHub\ltrp\shoebill_plugins\GaragePlugin\src\main\java\lt\ltrp\command\GarageOwnerCommands.java
C:\GitHub\ltrp\shoebill_plugins\GaragePlugin\src\main\java\lt\ltrp\dialog\GaragePriceInputDialog.java
C:\GitHub\ltrp\shoebill_plugins\GaragePlugin\src\main\java\lt\ltrp\dialog\GarageDestroyMsgDialog.java
C:\GitHub\ltrp\shoebill_plugins\GaragePlugin\src\main\java\lt\ltrp\dialog\GarageManagementOptionDialog.java
