C:\GitHub\ltrp\shoebill_plugins\LtrpApi\src\main\java\lt\ltrp\event\TestEventImpl.java
C:\GitHub\ltrp\shoebill_plugins\LtrpApi\src\main\java\lt\ltrp\util\Sql.java
C:\GitHub\ltrp\shoebill_plugins\LtrpApi\src\main\java\lt\ltrp\data\dmv\DmvQuestion.java
C:\GitHub\ltrp\shoebill_plugins\LtrpApi\src\main\java\lt\ltrp\LoadingException.java
C:\GitHub\ltrp\shoebill_plugins\LtrpApi\src\main\java\lt\ltrp\event\vehicle\PlayerBuyNewVehicleEvent.java
C:\GitHub\ltrp\shoebill_plugins\LtrpApi\src\main\java\lt\ltrp\object\BoatDmv.java
C:\GitHub\ltrp\shoebill_plugins\LtrpApi\src\main\java\lt\ltrp\event\property\BusinessEvent.java
C:\GitHub\ltrp\shoebill_plugins\LtrpApi\src\main\java\lt\ltrp\util\StringUtils.java
C:\GitHub\ltrp\shoebill_plugins\LtrpApi\src\main\java\lt\ltrp\event\player\PlayerAskQuestionEvent.java
C:\GitHub\ltrp\shoebill_plugins\LtrpApi\src\main\java\lt\ltrp\event\property\BusinessDoorLockToggleEvent.java
C:\GitHub\ltrp\shoebill_plugins\LtrpApi\src\main\java\lt\ltrp\data\VehicleLock.java
C:\GitHub\ltrp\shoebill_plugins\LtrpApi\src\main\java\lt\ltrp\data\property\business\commodity\BusinessCommodityFood.java
C:\GitHub\ltrp\shoebill_plugins\LtrpApi\src\main\java\lt\ltrp\data\PhoneCall.java
C:\GitHub\ltrp\shoebill_plugins\LtrpApi\src\main\java\lt\ltrp\object\ContainerItem.java
C:\GitHub\ltrp\shoebill_plugins\LtrpApi\src\main\java\lt\ltrp\constant\TalkStyle.java
C:\GitHub\ltrp\shoebill_plugins\LtrpApi\src\main\java\lt\ltrp\InitException.java
C:\GitHub\ltrp\shoebill_plugins\LtrpApi\src\main\java\lt\ltrp\event\property\PlayerHouseEvent.java
C:\GitHub\ltrp\shoebill_plugins\LtrpApi\src\main\java\lt\ltrp\event\vehicle\VehicleDestroyEvent.java
C:\GitHub\ltrp\shoebill_plugins\LtrpApi\src\main\java\lt\ltrp\dialog\item\ItemTypeListDialog.java
C:\GitHub\ltrp\shoebill_plugins\LtrpApi\src\main\java\lt\ltrp\PropertyController.java
C:\GitHub\ltrp\shoebill_plugins\LtrpApi\src\main\java\lt\ltrp\data\PlayerOffer.java
C:\GitHub\ltrp\shoebill_plugins\LtrpApi\src\main\java\lt\ltrp\player\dao\PlayerWeaponDao.java
C:\GitHub\ltrp\shoebill_plugins\LtrpApi\src\main\java\lt\ltrp\player\dialog\PlayerDescriptionMsgBoxDialog.java
C:\GitHub\ltrp\shoebill_plugins\LtrpApi\src\main\java\lt\ltrp\data\NamedLocation.java
C:\GitHub\ltrp\shoebill_plugins\LtrpApi\src\main\java\lt\ltrp\event\item\ItemLocationChangeEvent.java
C:\GitHub\ltrp\shoebill_plugins\LtrpApi\src\main\java\lt\ltrp\constant\LtrpVehicleModel.java
C:\GitHub\ltrp\shoebill_plugins\LtrpApi\src\main\java\lt\ltrp\event\property\BusinessNameChangeEvent.java
C:\GitHub\ltrp\shoebill_plugins\LtrpApi\src\main\java\lt\ltrp\event\player\PlayerSendPrivateMessageEvent.java
C:\GitHub\ltrp\shoebill_plugins\LtrpApi\src\main\java\lt\ltrp\modelpreview\event\ModelPreviewCancelEvent.java
C:\GitHub\ltrp\shoebill_plugins\LtrpApi\src\main\java\lt\ltrp\dao\BusinessDao.java
C:\GitHub\ltrp\shoebill_plugins\LtrpApi\src\main\java\lt\ltrp\object\AbstractCheckpointTest.java
C:\GitHub\ltrp\shoebill_plugins\LtrpApi\src\main\java\lt\ltrp\data\FuelTank.java
C:\GitHub\ltrp\shoebill_plugins\LtrpApi\src\main\java\lt\ltrp\data\PhoneContact.java
C:\GitHub\ltrp\shoebill_plugins\LtrpApi\src\main\java\lt\ltrp\modelpreview\event\ModelPreviewSelectModelEvent.java
C:\GitHub\ltrp\shoebill_plugins\LtrpApi\src\main\java\lt\ltrp\event\vehicle\VehicleEngineStartEvent.java
C:\GitHub\ltrp\shoebill_plugins\LtrpApi\src\main\java\lt\ltrp\object\WeedSeedItem.java
C:\GitHub\ltrp\shoebill_plugins\LtrpApi\src\main\java\lt\ltrp\constant\WalkStyle.java
C:\GitHub\ltrp\shoebill_plugins\LtrpApi\src\main\java\lt\ltrp\GarageController.java
C:\GitHub\ltrp\shoebill_plugins\LtrpApi\src\main\java\lt\ltrp\event\vehicle\VehicleEvent.java
C:\GitHub\ltrp\shoebill_plugins\LtrpApi\src\main\java\lt\ltrp\event\player\PlayerConnectEvent.java
C:\GitHub\ltrp\shoebill_plugins\LtrpApi\src\main\java\lt\ltrp\event\TestEvent.java
C:\GitHub\ltrp\shoebill_plugins\LtrpApi\src\main\java\lt\ltrp\job\dialog\JobRankDialog.java
C:\GitHub\ltrp\shoebill_plugins\LtrpApi\src\main\java\lt\ltrp\player\event\PlayerUnMuteEvent.java
C:\GitHub\ltrp\shoebill_plugins\LtrpApi\src\main\java\lt\ltrp\BusinessController.java
C:\GitHub\ltrp\shoebill_plugins\LtrpApi\src\main\java\lt\ltrp\data\PlayerDrugs.java
C:\GitHub\ltrp\shoebill_plugins\LtrpApi\src\main\java\lt\ltrp\house\event\HouseEvent.java
C:\GitHub\ltrp\shoebill_plugins\LtrpApi\src\main\java\lt\ltrp\object\PlayerInfoBox.java
C:\GitHub\ltrp\shoebill_plugins\LtrpApi\src\main\java\lt\ltrp\event\property\garage\GarageLockToggleEvent.java
C:\GitHub\ltrp\shoebill_plugins\LtrpApi\src\main\java\lt\ltrp\event\vehicle\VehicleEngineKillEvent.java
C:\GitHub\ltrp\shoebill_plugins\LtrpApi\src\main\java\lt\ltrp\player\job\event\RemoveFactionLeaderEvent.java
C:\GitHub\ltrp\shoebill_plugins\LtrpApi\src\main\java\lt\ltrp\event\player\PlayerAnswerPhoneEvent.java
C:\GitHub\ltrp\shoebill_plugins\LtrpApi\src\main\java\lt\ltrp\house\upgrade\constant\HouseUpgradeType.java
C:\GitHub\ltrp\shoebill_plugins\LtrpApi\src\main\java\lt\ltrp\player\dialog\PlayerDescriptionInputDialog.java
C:\GitHub\ltrp\shoebill_plugins\LtrpApi\src\main\java\lt\ltrp\object\Fire.java
C:\GitHub\ltrp\shoebill_plugins\LtrpApi\src\main\java\lt\ltrp\plugin\PluginWrapper.java
C:\GitHub\ltrp\shoebill_plugins\LtrpApi\src\main\java\lt\ltrp\modelpreview\BasicModelPreview.java
C:\GitHub\ltrp\shoebill_plugins\LtrpApi\src\main\java\lt\ltrp\object\drug\DrugItem.java
C:\GitHub\ltrp\shoebill_plugins\LtrpApi\src\main\java\lt\ltrp\object\WeaponItem.java
C:\GitHub\ltrp\shoebill_plugins\LtrpApi\src\main\java\lt\ltrp\house\event\HouseUpdateEvent.java
C:\GitHub\ltrp\shoebill_plugins\LtrpApi\src\main\java\lt\ltrp\object\DestroyableEntity.java
C:\GitHub\ltrp\shoebill_plugins\LtrpApi\src\main\java\lt\ltrp\constant\ItemType.java
C:\GitHub\ltrp\shoebill_plugins\LtrpApi\src\main\java\lt\ltrp\event\property\PlayerEnterBusinessEvent.java
C:\GitHub\ltrp\shoebill_plugins\LtrpApi\src\main\java\lt\ltrp\player\job\event\PlayerSetFactionLeaderEvent.java
C:\GitHub\ltrp\shoebill_plugins\LtrpApi\src\main\java\lt\ltrp\event\item\PlayerDropItemEvent.java
C:\GitHub\ltrp\shoebill_plugins\LtrpApi\src\main\java\lt\ltrp\event\property\PlayerExitBusinessEvent.java
C:\GitHub\ltrp\shoebill_plugins\LtrpApi\src\main\java\lt\ltrp\object\WeedItem.java
C:\GitHub\ltrp\shoebill_plugins\LtrpApi\src\main\java\lt\ltrp\dialog\radio\RadioOptionListDialog.java
C:\GitHub\ltrp\shoebill_plugins\LtrpApi\src\main\java\lt\ltrp\event\property\PropertyDestroyEvent.java
C:\GitHub\ltrp\shoebill_plugins\LtrpApi\src\main\java\lt\ltrp\event\property\BusinessCommodityAddEvent.java
C:\GitHub\ltrp\shoebill_plugins\LtrpApi\src\main\java\lt\ltrp\object\RadioItem.java
C:\GitHub\ltrp\shoebill_plugins\LtrpApi\src\main\java\lt\ltrp\data\Taxes.java
C:\GitHub\ltrp\shoebill_plugins\LtrpApi\src\main\java\lt\ltrp\data\property\business\commodity\BusinessCommodityDrink.java
C:\GitHub\ltrp\shoebill_plugins\LtrpApi\src\main\java\lt\ltrp\object\Dmv.java
C:\GitHub\ltrp\shoebill_plugins\LtrpApi\src\main\java\lt\ltrp\event\property\PlayerEnterPropertyEvent.java
C:\GitHub\ltrp\shoebill_plugins\LtrpApi\src\main\java\lt\ltrp\spawn\event\PlayerSpawnSetUpEvent.java
C:\GitHub\ltrp\shoebill_plugins\LtrpApi\src\main\java\lt\ltrp\event\property\BusinessDestroyEvent.java
C:\GitHub\ltrp\shoebill_plugins\LtrpApi\src\main\java\lt\ltrp\object\Item.java
C:\GitHub\ltrp\shoebill_plugins\LtrpApi\src\main\java\lt\ltrp\house\event\HouseLockToggleEvent.java
C:\GitHub\ltrp\shoebill_plugins\LtrpApi\src\main\java\lt\ltrp\object\QuestionTest.java
C:\GitHub\ltrp\shoebill_plugins\LtrpApi\src\main\java\lt\ltrp\spawn\event\PlayerRequestSpawnEvent.java
C:\GitHub\ltrp\shoebill_plugins\LtrpApi\src\main\java\lt\ltrp\event\property\garage\GarageDestroyEvent.java
C:\GitHub\ltrp\shoebill_plugins\LtrpApi\src\main\java\lt\ltrp\house\upgrade\dialog\HouseUpgradeListDialog.java
C:\GitHub\ltrp\shoebill_plugins\LtrpApi\src\main\java\lt\ltrp\util\ErrorCode.java
C:\GitHub\ltrp\shoebill_plugins\LtrpApi\src\main\java\lt\ltrp\event\property\HouseEvent.java
C:\GitHub\ltrp\shoebill_plugins\LtrpApi\src\main\java\lt\ltrp\dialog\radio\RadioStationListDialog.java
C:\GitHub\ltrp\shoebill_plugins\LtrpApi\src\main\java\lt\ltrp\dialog\dialogmenu\DialogMenu.java
C:\GitHub\ltrp\shoebill_plugins\LtrpApi\src\main\java\lt\ltrp\object\ClothingItem.java
C:\GitHub\ltrp\shoebill_plugins\LtrpApi\src\main\java\lt\ltrp\constant\Currency.java
C:\GitHub\ltrp\shoebill_plugins\LtrpApi\src\main\java\lt\ltrp\dao\impl\FileLtrpWorldImpl.java
C:\GitHub\ltrp\shoebill_plugins\LtrpApi\src\main\java\lt\ltrp\object\Radio.java
C:\GitHub\ltrp\shoebill_plugins\LtrpApi\src\main\java\lt\ltrp\PawnCallbacks.java
C:\GitHub\ltrp\shoebill_plugins\LtrpApi\src\main\java\lt\ltrp\object\DetoxEffect.java
C:\GitHub\ltrp\shoebill_plugins\LtrpApi\src\main\java\lt\ltrp\plugin\streamer\DynamicLabel.java
C:\GitHub\ltrp\shoebill_plugins\LtrpApi\src\main\java\lt\ltrp\spawn\event\PlayerSpawnLocationChangeEvent.java
C:\GitHub\ltrp\shoebill_plugins\LtrpApi\src\main\java\lt\ltrp\job\object\JobVehicle.java
C:\GitHub\ltrp\shoebill_plugins\LtrpApi\src\main\java\lt\ltrp\data\TaxiFare.java
C:\GitHub\ltrp\shoebill_plugins\LtrpApi\src\main\java\lt\ltrp\event\property\BusinessEntrancePriceChangeEvent.java
C:\GitHub\ltrp\shoebill_plugins\LtrpApi\src\main\java\lt\ltrp\util\PawnFunc.java
C:\GitHub\ltrp\shoebill_plugins\LtrpApi\src\main\java\lt\ltrp\dao\ItemDao.java
C:\GitHub\ltrp\shoebill_plugins\LtrpApi\src\main\java\lt\ltrp\job\object\FactionRank.java
C:\GitHub\ltrp\shoebill_plugins\LtrpApi\src\main\java\lt\ltrp\command\PlayerCommandManager.java
C:\GitHub\ltrp\shoebill_plugins\LtrpApi\src\main\java\lt\ltrp\modelpreview\event\ModelPreviewEvent.java
C:\GitHub\ltrp\shoebill_plugins\LtrpApi\src\main\java\lt\ltrp\object\DmvVehicle.java
C:\GitHub\ltrp\shoebill_plugins\LtrpApi\src\main\java\lt\ltrp\event\player\PlayerEvent.java
C:\GitHub\ltrp\shoebill_plugins\LtrpApi\src\main\java\lt\ltrp\modelpreview\SkinModelPreview.java
C:\GitHub\ltrp\shoebill_plugins\LtrpApi\src\main\java\net\gtaun\shoebill\constant\VehicleModel.java
C:\GitHub\ltrp\shoebill_plugins\LtrpApi\src\main\java\lt\ltrp\dialog\SampModelInputDialog.java
C:\GitHub\ltrp\shoebill_plugins\LtrpApi\src\main\java\lt\ltrp\house\weed\event\WeedGrowEvent.java
C:\GitHub\ltrp\shoebill_plugins\LtrpApi\src\main\java\lt\ltrp\object\ConsumableItem.java
C:\GitHub\ltrp\shoebill_plugins\LtrpApi\src\main\java\lt\ltrp\event\item\ItemDestroyEvent.java
C:\GitHub\ltrp\shoebill_plugins\LtrpApi\src\main\java\lt\ltrp\data\HouseRadio.java
C:\GitHub\ltrp\shoebill_plugins\LtrpApi\src\main\java\lt\ltrp\house\event\HouseCreateEvent.java
C:\GitHub\ltrp\shoebill_plugins\LtrpApi\src\main\java\lt\ltrp\data\dmv\DmvRaceCheckpoint.java
C:\GitHub\ltrp\shoebill_plugins\LtrpApi\src\main\java\lt\ltrp\object\Initializable.java
C:\GitHub\ltrp\shoebill_plugins\LtrpApi\src\main\java\lt\ltrp\data\DroppedWeaponData.java
C:\GitHub\ltrp\shoebill_plugins\LtrpApi\src\main\java\lt\ltrp\object\AircraftDmv.java
C:\GitHub\ltrp\shoebill_plugins\LtrpApi\src\main\java\lt\ltrp\job\modelpreview\RoadblockModelPreview.java
C:\GitHub\ltrp\shoebill_plugins\LtrpApi\src\main\java\lt\ltrp\command\CommandParam.java
C:\GitHub\ltrp\shoebill_plugins\LtrpApi\src\main\java\lt\ltrp\object\DrinkItem.java
C:\GitHub\ltrp\shoebill_plugins\LtrpApi\src\main\java\lt\ltrp\colorpicker\ColorPicker.java
C:\GitHub\ltrp\shoebill_plugins\LtrpApi\src\main\java\lt\ltrp\house\event\PlayerExitHouseEvent.java
C:\GitHub\ltrp\shoebill_plugins\LtrpApi\src\main\java\lt\ltrp\util\Skin.java
C:\GitHub\ltrp\shoebill_plugins\LtrpApi\src\main\java\lt\ltrp\event\property\PlayerExitPropertyEvent.java
C:\GitHub\ltrp\shoebill_plugins\LtrpApi\src\main\java\lt\ltrp\command\CommandHandler.java
C:\GitHub\ltrp\shoebill_plugins\LtrpApi\src\main\java\lt\ltrp\job\dialog\RoadblockDialog.java
C:\GitHub\ltrp\shoebill_plugins\LtrpApi\src\main\java\lt\ltrp\event\property\BusinessBuyEvent.java
C:\GitHub\ltrp\shoebill_plugins\LtrpApi\src\main\java\lt\ltrp\LtrpGamemodeConstants.java
C:\GitHub\ltrp\shoebill_plugins\LtrpApi\src\main\java\lt\ltrp\event\player\PlayerToggleModDutyEvent.java
C:\GitHub\ltrp\shoebill_plugins\LtrpApi\src\main\java\lt\ltrp\data\dmv\DmvCheckpoint.java
C:\GitHub\ltrp\shoebill_plugins\LtrpApi\src\main\java\lt\ltrp\util\Factorial.java
C:\GitHub\ltrp\shoebill_plugins\LtrpApi\src\main\java\lt\ltrp\house\weed\dialog\HouseWeedOptionDialog.java
C:\GitHub\ltrp\shoebill_plugins\LtrpApi\src\main\java\lt\ltrp\object\Garage.java
C:\GitHub\ltrp\shoebill_plugins\LtrpApi\src\main\java\lt\ltrp\spawn\data\SpawnData.java
C:\GitHub\ltrp\shoebill_plugins\LtrpApi\src\main\java\lt\ltrp\player\data\PlayerFriskOffer.java
C:\GitHub\ltrp\shoebill_plugins\LtrpApi\src\main\java\lt\ltrp\player\licenses\data\PlayerLicenses.java
C:\GitHub\ltrp\shoebill_plugins\LtrpApi\src\main\java\lt\ltrp\house\event\HouseMoneyEvent.java
C:\GitHub\ltrp\shoebill_plugins\LtrpApi\src\main\java\lt\ltrp\data\CrashData.java
C:\GitHub\ltrp\shoebill_plugins\LtrpApi\src\main\java\lt\ltrp\data\BuyBusinessOffer.java
C:\GitHub\ltrp\shoebill_plugins\LtrpApi\src\main\java\lt\ltrp\event\item\ItemEvent.java
C:\GitHub\ltrp\shoebill_plugins\LtrpApi\src\main\java\lt\ltrp\job\object\ContractJobRank.java
C:\GitHub\ltrp\shoebill_plugins\LtrpApi\src\main\java\lt\ltrp\player\dialog\PlayerDescriptionListDialog.java
C:\GitHub\ltrp\shoebill_plugins\LtrpApi\src\main\java\lt\ltrp\dao\GarageDao.java
C:\GitHub\ltrp\shoebill_plugins\LtrpApi\src\main\java\lt\ltrp\data\property\business\commodity\BusinessCommodityItem.java
C:\GitHub\ltrp\shoebill_plugins\LtrpApi\src\main\java\lt\ltrp\house\weed\event\PlayerPlantWeedEvent.java
C:\GitHub\ltrp\shoebill_plugins\LtrpApi\src\main\java\lt\ltrp\player\settings\data\PlayerSettings.java
C:\GitHub\ltrp\shoebill_plugins\LtrpApi\src\main\java\lt\ltrp\dialog\FightStyleDialog.java
C:\GitHub\ltrp\shoebill_plugins\LtrpApi\src\main\java\lt\ltrp\event\property\PlayerGarageEvent.java
C:\GitHub\ltrp\shoebill_plugins\LtrpApi\src\main\java\lt\ltrp\job\dao\JobGateDao.java
C:\GitHub\ltrp\shoebill_plugins\LtrpApi\src\main\java\lt\ltrp\job\dialog\JobVehicleMenu.java
C:\GitHub\ltrp\shoebill_plugins\LtrpApi\src\main\java\lt\ltrp\plugin\streamer\event\player\PlayerEditDynamicObjectEvent.java
C:\GitHub\ltrp\shoebill_plugins\LtrpApi\src\main\java\lt\ltrp\event\property\BusinessCreateEvent.java
C:\GitHub\ltrp\shoebill_plugins\LtrpApi\src\main\java\lt\ltrp\house\event\HouseBuyEvent.java
C:\GitHub\ltrp\shoebill_plugins\LtrpApi\src\main\java\lt\ltrp\modelpreview\ModelPreview.java
C:\GitHub\ltrp\shoebill_plugins\LtrpApi\src\main\java\lt\ltrp\data\LtrpWeaponData.java
C:\GitHub\ltrp\shoebill_plugins\LtrpApi\src\main\java\lt\ltrp\dao\RadioStationDao.java
C:\GitHub\ltrp\shoebill_plugins\LtrpApi\src\main\java\lt\ltrp\event\item\ItemCreateEvent.java
C:\GitHub\ltrp\shoebill_plugins\LtrpApi\src\main\java\lt\ltrp\player\settings\dialog\PlayerSettingsListDialog.java
C:\GitHub\ltrp\shoebill_plugins\LtrpApi\src\main\java\lt\ltrp\SpeedometerTd.java
C:\GitHub\ltrp\shoebill_plugins\LtrpApi\src\main\java\lt\ltrp\player\job\dao\PlayerJobDao.java
C:\GitHub\ltrp\shoebill_plugins\LtrpApi\src\main\java\lt\ltrp\dao\DAOFactory.java
C:\GitHub\ltrp\shoebill_plugins\LtrpApi\src\main\java\lt\ltrp\object\CheckpointDmv.java
C:\GitHub\ltrp\shoebill_plugins\LtrpApi\src\main\java\lt\ltrp\dialog\IntegerInputDialog.java
C:\GitHub\ltrp\shoebill_plugins\LtrpApi\src\main\java\lt\ltrp\data\Animation.java
C:\GitHub\ltrp\shoebill_plugins\LtrpApi\src\main\java\lt\ltrp\player\util\PlayerUtils.java
C:\GitHub\ltrp\shoebill_plugins\LtrpApi\src\main\java\lt\ltrp\event\property\BusinessEditEvent.java
C:\GitHub\ltrp\shoebill_plugins\LtrpApi\src\main\java\lt\ltrp\dao\DmvDao.java
C:\GitHub\ltrp\shoebill_plugins\LtrpApi\src\main\java\lt\ltrp\player\util\PlayerLog.java
C:\GitHub\ltrp\shoebill_plugins\LtrpApi\src\main\java\lt\ltrp\job\dialog\FactionListDialog.java
C:\GitHub\ltrp\shoebill_plugins\LtrpApi\src\main\java\lt\ltrp\event\player\PlayerLogInEvent.java
C:\GitHub\ltrp\shoebill_plugins\LtrpApi\src\main\java\lt\ltrp\event\player\PlayerToggleAdminDutyEvent.java
C:\GitHub\ltrp\shoebill_plugins\LtrpApi\src\main\java\lt\ltrp\dialog\PhoneContactDialog.java
C:\GitHub\ltrp\shoebill_plugins\LtrpApi\src\main\java\lt\ltrp\dao\DrugAddictionDao.java
C:\GitHub\ltrp\shoebill_plugins\LtrpApi\src\main\java\lt\ltrp\object\LtrpVehicle.java
C:\GitHub\ltrp\shoebill_plugins\LtrpApi\src\main\java\lt\ltrp\dao\PlayerDao.java
C:\GitHub\ltrp\shoebill_plugins\LtrpApi\src\main\java\lt\ltrp\house\object\House.java
C:\GitHub\ltrp\shoebill_plugins\LtrpApi\src\main\java\lt\ltrp\event\player\PlayerCallNumberEvent.java
C:\GitHub\ltrp\shoebill_plugins\LtrpApi\src\main\java\lt\ltrp\event\property\garage\GarageEditEvent.java
C:\GitHub\ltrp\shoebill_plugins\LtrpApi\src\main\java\lt\ltrp\event\PaydayEvent.java
C:\GitHub\ltrp\shoebill_plugins\LtrpApi\src\main\java\lt\ltrp\event\player\PlayerUseDrugsEvent.java
C:\GitHub\ltrp\shoebill_plugins\LtrpApi\src\main\java\lt\ltrp\player\event\PlayerMuteEvent.java
C:\GitHub\ltrp\shoebill_plugins\LtrpApi\src\main\java\lt\ltrp\player\settings\event\PlayerEditSettingsEvent.java
C:\GitHub\ltrp\shoebill_plugins\LtrpApi\src\main\java\lt\ltrp\object\DmvTest.java
C:\GitHub\ltrp\shoebill_plugins\LtrpApi\src\main\java\lt\ltrp\AdminController.java
C:\GitHub\ltrp\shoebill_plugins\LtrpApi\src\main\java\lt\ltrp\event\vehicle\SpeedometerTickEvent.java
C:\GitHub\ltrp\shoebill_plugins\LtrpApi\src\main\java\lt\ltrp\object\ItemPhone.java
C:\GitHub\ltrp\shoebill_plugins\LtrpApi\src\main\java\lt\ltrp\object\QuestionDmv.java
C:\GitHub\ltrp\shoebill_plugins\LtrpApi\src\main\java\lt\ltrp\data\VehicleCrime.java
C:\GitHub\ltrp\shoebill_plugins\LtrpApi\src\main\java\lt\ltrp\DmvController.java
C:\GitHub\ltrp\shoebill_plugins\LtrpApi\src\main\java\lt\ltrp\event\property\garage\GarageEvent.java
C:\GitHub\ltrp\shoebill_plugins\LtrpApi\src\main\java\lt\ltrp\object\Business.java
C:\GitHub\ltrp\shoebill_plugins\LtrpApi\src\main\java\lt\ltrp\util\AdminLog.java
C:\GitHub\ltrp\shoebill_plugins\LtrpApi\src\main\java\lt\ltrp\event\property\SelectCommodityEvent.java
C:\GitHub\ltrp\shoebill_plugins\LtrpApi\src\main\java\lt\ltrp\object\Property.java
C:\GitHub\ltrp\shoebill_plugins\LtrpApi\src\main\java\lt\ltrp\house\event\HouseEditEvent.java
C:\GitHub\ltrp\shoebill_plugins\LtrpApi\src\main\java\lt\ltrp\house\HouseController.java
C:\GitHub\ltrp\shoebill_plugins\LtrpApi\src\main\java\lt\ltrp\RadioController.java
C:\GitHub\ltrp\shoebill_plugins\LtrpApi\src\main\java\lt\ltrp\plugin\streamer\DynamicSampObject.java
C:\GitHub\ltrp\shoebill_plugins\LtrpApi\src\main\java\lt\ltrp\event\player\PlayerEndCallEvent.java
C:\GitHub\ltrp\shoebill_plugins\LtrpApi\src\main\java\lt\ltrp\job\dialog\JobListDialog.java
C:\GitHub\ltrp\shoebill_plugins\LtrpApi\src\main\java\lt\ltrp\dao\PropertyDao.java
C:\GitHub\ltrp\shoebill_plugins\LtrpApi\src\main\java\lt\ltrp\command\Commands.java
C:\GitHub\ltrp\shoebill_plugins\LtrpApi\src\main\java\lt\ltrp\house\weed\dialog\HouseWeedSaplingGrowthStageListDialog.java
C:\GitHub\ltrp\shoebill_plugins\LtrpApi\src\main\java\lt\ltrp\event\property\BusinessCommodityRemoveEvent.java
C:\GitHub\ltrp\shoebill_plugins\LtrpApi\src\main\java\lt\ltrp\job\dao\JobDao.java
C:\GitHub\ltrp\shoebill_plugins\LtrpApi\src\main\java\lt\ltrp\dao\VehicleDao.java
C:\GitHub\ltrp\shoebill_plugins\LtrpApi\src\main\java\lt\ltrp\event\property\garage\GarageBuyEvent.java
C:\GitHub\ltrp\shoebill_plugins\LtrpApi\src\main\java\lt\ltrp\job\data\Roadblock.java
C:\GitHub\ltrp\shoebill_plugins\LtrpApi\src\main\java\lt\ltrp\plugin\streamer\Streamer.java
C:\GitHub\ltrp\shoebill_plugins\LtrpApi\src\main\java\lt\ltrp\util\ItemUsageOption.java
C:\GitHub\ltrp\shoebill_plugins\LtrpApi\src\main\java\lt\ltrp\event\property\garage\PlayerExitGarageEvent.java
C:\GitHub\ltrp\shoebill_plugins\LtrpApi\src\main\java\lt\ltrp\dao\PhoneDao.java
C:\GitHub\ltrp\shoebill_plugins\LtrpApi\src\main\java\lt\ltrp\player\licenses\data\PlayerLicense.java
C:\GitHub\ltrp\shoebill_plugins\LtrpApi\src\main\java\lt\ltrp\util\Whirlpool.java
C:\GitHub\ltrp\shoebill_plugins\LtrpApi\src\main\java\lt\ltrp\event\player\PlayerStateMessageEvent.java
C:\GitHub\ltrp\shoebill_plugins\LtrpApi\src\main\java\lt\ltrp\house\event\PlayerEnterHouseEvent.java
C:\GitHub\ltrp\shoebill_plugins\LtrpApi\src\main\java\lt\ltrp\data\BuyGarageOffer.java
C:\GitHub\ltrp\shoebill_plugins\LtrpApi\src\main\java\lt\ltrp\event\property\BusinessCommodityPriceUpdateEvent.java
C:\GitHub\ltrp\shoebill_plugins\LtrpApi\src\main\java\lt\ltrp\command\CommandData.java
C:\GitHub\ltrp\shoebill_plugins\LtrpApi\src\main\java\lt\ltrp\event\player\PlayerDrawWeaponItemEvent.java
C:\GitHub\ltrp\shoebill_plugins\LtrpApi\src\main\java\lt\ltrp\house\weed\dialog\HouseWeedSaplingGrowthStageDialog.java
C:\GitHub\ltrp\shoebill_plugins\LtrpApi\src\main\java\lt\ltrp\Deniable.java
C:\GitHub\ltrp\shoebill_plugins\LtrpApi\src\main\java\lt\ltrp\event\property\garage\GarageCreateEvent.java
C:\GitHub\ltrp\shoebill_plugins\LtrpApi\src\main\java\lt\ltrp\util\VehicleUtils.java
C:\GitHub\ltrp\shoebill_plugins\LtrpApi\src\main\java\lt\ltrp\house\dao\HouseDao.java
C:\GitHub\ltrp\shoebill_plugins\LtrpApi\src\main\java\lt\ltrp\plugin\streamer\PlayerEditDynamicObjectResponse.java
C:\GitHub\ltrp\shoebill_plugins\LtrpApi\src\main\java\lt\ltrp\event\property\garage\PlayerEnterGarageEvent.java
C:\GitHub\ltrp\shoebill_plugins\LtrpApi\src\main\java\lt\ltrp\job\dialog\RoadblockListDialog.java
C:\GitHub\ltrp\shoebill_plugins\LtrpApi\src\main\java\lt\ltrp\LtrpWorld.java
C:\GitHub\ltrp\shoebill_plugins\LtrpApi\src\main\java\lt\ltrp\object\PlayerCountdown.java
C:\GitHub\ltrp\shoebill_plugins\LtrpApi\src\main\java\lt\ltrp\event\property\PropertyEvent.java
C:\GitHub\ltrp\shoebill_plugins\LtrpApi\src\main\java\lt\ltrp\object\LtrpPlayer.java
C:\GitHub\ltrp\shoebill_plugins\LtrpApi\src\main\java\lt\ltrp\object\Inventory.java
C:\GitHub\ltrp\shoebill_plugins\LtrpApi\src\main\java\lt\ltrp\job\dao\JobVehicleDao.java
C:\GitHub\ltrp\shoebill_plugins\LtrpApi\src\main\java\lt\ltrp\player\licenses\constant\LicenseType.java
C:\GitHub\ltrp\shoebill_plugins\LtrpApi\src\main\java\lt\ltrp\data\PlayerAddiction.java
C:\GitHub\ltrp\shoebill_plugins\LtrpApi\src\main\java\lt\ltrp\house\weed\dialog\HouseWeedListDialog.java
C:\GitHub\ltrp\shoebill_plugins\LtrpApi\src\main\java\lt\ltrp\dialog\HexIntegerInputDialog.java
C:\GitHub\ltrp\shoebill_plugins\LtrpApi\src\main\java\lt\ltrp\dialog\BusinessCommodityListDialog.java
C:\GitHub\ltrp\shoebill_plugins\LtrpApi\src\main\java\lt\ltrp\event\property\PlayerPropertyEvent.java
C:\GitHub\ltrp\shoebill_plugins\LtrpApi\src\main\java\lt\ltrp\object\CarDmv.java
C:\GitHub\ltrp\shoebill_plugins\LtrpApi\src\main\java\lt\ltrp\event\player\PlayerOfferExpireEvent.java
C:\GitHub\ltrp\shoebill_plugins\LtrpApi\src\main\java\lt\ltrp\dialog\PhonebookListDialog.java
C:\GitHub\ltrp\shoebill_plugins\LtrpApi\src\main\java\lt\ltrp\constant\WorldZone.java
C:\GitHub\ltrp\shoebill_plugins\LtrpApi\src\main\java\lt\ltrp\data\VehicleRadio.java
C:\GitHub\ltrp\shoebill_plugins\LtrpApi\src\main\java\lt\ltrp\util\ItemUsageEnabler.java
C:\GitHub\ltrp\shoebill_plugins\LtrpApi\src\main\java\lt\ltrp\data\Color.java
C:\GitHub\ltrp\shoebill_plugins\LtrpApi\src\main\java\lt\ltrp\constant\BusinessType.java
C:\GitHub\ltrp\shoebill_plugins\LtrpApi\src\main\java\lt\ltrp\event\player\PlayerActionMessageEvent.java
C:\GitHub\ltrp\shoebill_plugins\LtrpApi\src\main\java\lt\ltrp\colorpicker\VehicleColorPicker.java
C:\GitHub\ltrp\shoebill_plugins\LtrpApi\src\main\java\lt\ltrp\event\property\BusinessBankChangeEvent.java
C:\GitHub\ltrp\shoebill_plugins\LtrpApi\src\main\java\lt\ltrp\VehicleController.java
C:\GitHub\ltrp\shoebill_plugins\LtrpApi\src\main\java\lt\ltrp\data\BuyHouseOffer.java
C:\GitHub\ltrp\shoebill_plugins\LtrpApi\src\main\java\lt\ltrp\ApiPlugin.java
C:\GitHub\ltrp\shoebill_plugins\LtrpApi\src\main\java\lt\ltrp\item\ItemController.java
C:\GitHub\ltrp\shoebill_plugins\LtrpApi\src\main\java\lt\ltrp\constant\WorldArea.java
C:\GitHub\ltrp\shoebill_plugins\LtrpApi\src\main\java\lt\ltrp\data\RadioStation.java
C:\GitHub\ltrp\shoebill_plugins\LtrpApi\src\main\java\lt\ltrp\data\PhoneBook.java
C:\GitHub\ltrp\shoebill_plugins\LtrpApi\src\main\java\lt\ltrp\LtrpGamemodeImpl.java
C:\GitHub\ltrp\shoebill_plugins\LtrpApi\src\main\java\lt\ltrp\player\dialog\PlayerDescriptionConfirmDeleteDialog.java
C:\GitHub\ltrp\shoebill_plugins\LtrpApi\src\main\java\lt\ltrp\house\event\HouseDestroyEvent.java
C:\GitHub\ltrp\shoebill_plugins\LtrpApi\src\main\java\lt\ltrp\data\PhoneSms.java
C:\GitHub\ltrp\shoebill_plugins\LtrpApi\src\main\java\lt\ltrp\data\property\business\commodity\BusinessCommodity.java
C:\GitHub\ltrp\shoebill_plugins\LtrpApi\src\main\java\lt\ltrp\player\licenses\data\LicenseWarning.java
C:\GitHub\ltrp\shoebill_plugins\LtrpApi\src\main\java\lt\ltrp\dialog\dialogmenu\PlayerDialogMenu.java
C:\GitHub\ltrp\shoebill_plugins\LtrpApi\src\main\java\lt\ltrp\event\player\PlayerDataLoadEvent.java
C:\GitHub\ltrp\shoebill_plugins\LtrpApi\src\main\java\lt\ltrp\object\AbstractRadio.java
C:\GitHub\ltrp\shoebill_plugins\LtrpApi\src\main\java\lt\ltrp\event\player\PlayerSendSmsEvent.java
C:\GitHub\ltrp\shoebill_plugins\LtrpApi\src\main\java\lt\ltrp\object\DurableItem.java
