lt\ltrp\BusinessPlugin.class
lt\ltrp\dialog\BusinessTypeListDialog.class
lt\ltrp\dialog\BusinessUUIDInputDialog$AbstractIntegerInputDialogBuilder.class
lt\ltrp\dialog\BusinessAvailableCommodityManagementDialog.class
lt\ltrp\dialog\BusinessCommodityNameInputDialog.class
lt\ltrp\dialog\BusinessUUIDInputDialog.class
lt\ltrp\dialog\BusinessBankListDialog.class
lt\ltrp\dialog\BusinessTypeListDialog$BusinessTypeSelectHandler.class
lt\ltrp\dialog\BusinessManagementDialog.class
lt\ltrp\dialog\BusinessRemoveOwnerMsgBoxDialog.class
lt\ltrp\dialog\BusinessCommodityManagementDialog.class
lt\ltrp\dialog\BusinessPriceInputDialog.class
lt\ltrp\dialog\BusinessWithdrawInputDialog.class
lt\ltrp\dialog\BusinessUUIDInputDialog$1.class
lt\ltrp\dialog\BusinessDestroyMsgBoxDialog.class
lt\ltrp\dialog\BusinessUUIDInputDialog$ClickOkHandler.class
lt\ltrp\dialog\BusinessDepositInputDialog.class
lt\ltrp\command\BusinessCommands.class
lt\ltrp\dao\impl\MySqlBusinessDaoImpl.class
lt\ltrp\dialog\BusinessInfoMsgBoxDialog.class
lt\ltrp\dialog\BusinessEntrancePriceInputDialog.class
lt\ltrp\object\impl\BusinessImpl.class
lt\ltrp\dialog\BusinessResourceInputDialog.class
lt\ltrp\dialog\BusinessNameInputDialog.class
lt\ltrp\dialog\AdminBusinessManagementDialog.class
lt\ltrp\dialog\BusinessUUIDInputDialog$IntegerInputDialogBuilder.class
lt\ltrp\dialog\BusinessUUIDInputDialog$InputErrorHandler.class
