C:\GitHub\ltrp\shoebill_plugins\BusinessPlugin\src\main\java\lt\ltrp\dialog\BusinessBankListDialog.java
C:\GitHub\ltrp\shoebill_plugins\BusinessPlugin\src\main\java\lt\ltrp\dialog\BusinessCommodityManagementDialog.java
C:\GitHub\ltrp\shoebill_plugins\BusinessPlugin\src\main\java\lt\ltrp\command\BusinessCommands.java
C:\GitHub\ltrp\shoebill_plugins\BusinessPlugin\src\main\java\lt\ltrp\dialog\BusinessAvailableCommodityManagementDialog.java
C:\GitHub\ltrp\shoebill_plugins\BusinessPlugin\src\main\java\lt\ltrp\dialog\BusinessInfoMsgBoxDialog.java
C:\GitHub\ltrp\shoebill_plugins\BusinessPlugin\src\main\java\lt\ltrp\dialog\BusinessPriceInputDialog.java
C:\GitHub\ltrp\shoebill_plugins\BusinessPlugin\src\main\java\lt\ltrp\dialog\BusinessManagementDialog.java
C:\GitHub\ltrp\shoebill_plugins\BusinessPlugin\src\main\java\lt\ltrp\dialog\BusinessResourceInputDialog.java
C:\GitHub\ltrp\shoebill_plugins\BusinessPlugin\src\main\java\lt\ltrp\dialog\BusinessTypeListDialog.java
C:\GitHub\ltrp\shoebill_plugins\BusinessPlugin\src\main\java\lt\ltrp\dialog\BusinessEntrancePriceInputDialog.java
C:\GitHub\ltrp\shoebill_plugins\BusinessPlugin\src\main\java\lt\ltrp\dialog\BusinessNameInputDialog.java
C:\GitHub\ltrp\shoebill_plugins\BusinessPlugin\src\main\java\lt\ltrp\dialog\BusinessRemoveOwnerMsgBoxDialog.java
C:\GitHub\ltrp\shoebill_plugins\BusinessPlugin\src\main\java\lt\ltrp\BusinessPlugin.java
C:\GitHub\ltrp\shoebill_plugins\BusinessPlugin\src\main\java\lt\ltrp\dialog\BusinessWithdrawInputDialog.java
C:\GitHub\ltrp\shoebill_plugins\BusinessPlugin\src\main\java\lt\ltrp\dialog\BusinessCommodityNameInputDialog.java
C:\GitHub\ltrp\shoebill_plugins\BusinessPlugin\src\main\java\lt\ltrp\dialog\BusinessDestroyMsgBoxDialog.java
C:\GitHub\ltrp\shoebill_plugins\BusinessPlugin\src\main\java\lt\ltrp\dialog\BusinessDepositInputDialog.java
C:\GitHub\ltrp\shoebill_plugins\BusinessPlugin\src\main\java\lt\ltrp\dao\impl\MySqlBusinessDaoImpl.java
C:\GitHub\ltrp\shoebill_plugins\BusinessPlugin\src\main\java\lt\ltrp\dialog\AdminBusinessManagementDialog.java
C:\GitHub\ltrp\shoebill_plugins\BusinessPlugin\src\main\java\lt\ltrp\dialog\BusinessUUIDInputDialog.java
C:\GitHub\ltrp\shoebill_plugins\BusinessPlugin\src\main\java\lt\ltrp\object\impl\BusinessImpl.java
