C:\GitHub\ltrp\shoebill_plugins\TrashmanJobPlugin\src\main\java\lt\ltrp\dao\TrashManJobDao.java
C:\GitHub\ltrp\shoebill_plugins\TrashmanJobPlugin\src\main\java\lt\ltrp\object\impl\PlayerTrashMission.java
C:\GitHub\ltrp\shoebill_plugins\TrashmanJobPlugin\src\main\java\lt\ltrp\event\PlayerTrashMissionStartEvent.java
C:\GitHub\ltrp\shoebill_plugins\TrashmanJobPlugin\src\main\java\lt\ltrp\event\PlayerTrashMissionEndEvent.java
C:\GitHub\ltrp\shoebill_plugins\TrashmanJobPlugin\src\main\java\lt\ltrp\object\impl\TrashManJobImpl.java
C:\GitHub\ltrp\shoebill_plugins\TrashmanJobPlugin\src\main\java\lt\ltrp\TrashmanJobPlugin.java
C:\GitHub\ltrp\shoebill_plugins\TrashmanJobPlugin\src\main\java\lt\ltrp\data\TrashMission.java
C:\GitHub\ltrp\shoebill_plugins\TrashmanJobPlugin\src\main\java\lt\ltrp\data\TrashMissions.java
C:\GitHub\ltrp\shoebill_plugins\TrashmanJobPlugin\src\main\java\lt\ltrp\command\TrashmanCommands.java
C:\GitHub\ltrp\shoebill_plugins\TrashmanJobPlugin\src\main\java\lt\ltrp\dao\impl\MySqlTrashManJobImpl.java
C:\GitHub\ltrp\shoebill_plugins\TrashmanJobPlugin\src\main\java\lt\ltrp\object\TrashManJob.java
