C:\GitHub\ltrp\shoebill_plugins\PlayerPlugin\src\main\java\lt\ltrp\object\impl\PlayerInfoBoxImpl.java
C:\GitHub\ltrp\shoebill_plugins\PlayerPlugin\src\main\java\lt\ltrp\dao\impl\SqlPlayerDaoImpl.java
C:\GitHub\ltrp\shoebill_plugins\PlayerPlugin\src\main\java\lt\ltrp\textdraw\GameTextStyle7Textdraw.java
C:\GitHub\ltrp\shoebill_plugins\PlayerPlugin\src\main\java\lt\ltrp\command\PlayerAnimationCommands.java
C:\GitHub\ltrp\shoebill_plugins\PlayerPlugin\src\main\java\lt\ltrp\command\PlayerChatCommands.java
C:\GitHub\ltrp\shoebill_plugins\PlayerPlugin\src\main\java\lt\ltrp\GameTextStyleManager.java
C:\GitHub\ltrp\shoebill_plugins\PlayerPlugin\src\main\java\lt\ltrp\GeneralCommands.java
C:\GitHub\ltrp\shoebill_plugins\PlayerPlugin\src\main\java\lt\ltrp\textdraw\AbstractGameTextCustomStyle.java
C:\GitHub\ltrp\shoebill_plugins\PlayerPlugin\src\main\java\lt\ltrp\dao\impl\MySqlPlayerWeaponDaoImpl.java
C:\GitHub\ltrp\shoebill_plugins\PlayerPlugin\src\main\java\lt\ltrp\object\impl\LtrpPlayerImpl.java
C:\GitHub\ltrp\shoebill_plugins\PlayerPlugin\src\main\java\lt\ltrp\GettersSetters.java
C:\GitHub\ltrp\shoebill_plugins\PlayerPlugin\src\main\java\lt\ltrp\object\impl\PlayerCountdownImpl.java
C:\GitHub\ltrp\shoebill_plugins\PlayerPlugin\src\main\java\lt\ltrp\command\PlayerAcceptOffers.java
