C:\GitHub\ltrp\shoebill_plugins\MechanicJobPlugin\src\main\java\lt\ltrp\command\MechanicAcceptCommands.java
C:\GitHub\ltrp\shoebill_plugins\MechanicJobPlugin\src\main\java\lt\ltrp\object\impl\MechanicJobImpl.java
C:\GitHub\ltrp\shoebill_plugins\MechanicJobPlugin\src\main\java\lt\ltrp\session\RepaintSession.java
C:\GitHub\ltrp\shoebill_plugins\MechanicJobPlugin\src\main\java\lt\ltrp\session\FullRepairSession.java
C:\GitHub\ltrp\shoebill_plugins\MechanicJobPlugin\src\main\java\lt\ltrp\session\WheelRemovalSession.java
C:\GitHub\ltrp\shoebill_plugins\MechanicJobPlugin\src\main\java\lt\ltrp\session\WheelChangeSession.java
C:\GitHub\ltrp\shoebill_plugins\MechanicJobPlugin\src\main\java\lt\ltrp\session\HullRepairSession.java
C:\GitHub\ltrp\shoebill_plugins\MechanicJobPlugin\src\main\java\lt\ltrp\session\HydraulicInstallSession.java
C:\GitHub\ltrp\shoebill_plugins\MechanicJobPlugin\src\main\java\lt\ltrp\dao\impl\MySqlMechanicJobDaoImpl.java
C:\GitHub\ltrp\shoebill_plugins\MechanicJobPlugin\src\main\java\lt\ltrp\session\HydraulicsRemovalSession.java
C:\GitHub\ltrp\shoebill_plugins\MechanicJobPlugin\src\main\java\lt\ltrp\session\RepairSession.java
C:\GitHub\ltrp\shoebill_plugins\MechanicJobPlugin\src\main\java\lt\ltrp\command\MechanicCommands.java
C:\GitHub\ltrp\shoebill_plugins\MechanicJobPlugin\src\main\java\lt\ltrp\dao\MechanicJobDao.java
C:\GitHub\ltrp\shoebill_plugins\MechanicJobPlugin\src\main\java\lt\ltrp\dialog\RemoveHydraulicsMsgDialog.java
C:\GitHub\ltrp\shoebill_plugins\MechanicJobPlugin\src\main\java\lt\ltrp\data\ColorPalettePlayerOffer.java
C:\GitHub\ltrp\shoebill_plugins\MechanicJobPlugin\src\main\java\lt\ltrp\dialog\HullRepairMsgDialog.java
C:\GitHub\ltrp\shoebill_plugins\MechanicJobPlugin\src\main\java\lt\ltrp\session\EngineRepairSession.java
C:\GitHub\ltrp\shoebill_plugins\MechanicJobPlugin\src\main\java\lt\ltrp\event\PlayerLeaveRepairArea.java
C:\GitHub\ltrp\shoebill_plugins\MechanicJobPlugin\src\main\java\lt\ltrp\MechanicJobPlugin.java
C:\GitHub\ltrp\shoebill_plugins\MechanicJobPlugin\src\main\java\lt\ltrp\object\MechanicJob.java
C:\GitHub\ltrp\shoebill_plugins\MechanicJobPlugin\src\main\java\lt\ltrp\session\AbstractRepairSession.java
C:\GitHub\ltrp\shoebill_plugins\MechanicJobPlugin\src\main\java\lt\ltrp\event\RepairSessionEndEvent.java
