C:\GitHub\ltrp\shoebill_plugins\PenaltyPlugin\src\main\java\lt\ltrp\data\WarnData.java
C:\GitHub\ltrp\shoebill_plugins\PenaltyPlugin\src\main\java\lt\ltrp\event\PlayerWarnEvent.java
C:\GitHub\ltrp\shoebill_plugins\PenaltyPlugin\src\main\java\lt\ltrp\dao\WarnDao.java
C:\GitHub\ltrp\shoebill_plugins\PenaltyPlugin\src\main\java\lt\ltrp\event\PlayerUnJailEvent.java
C:\GitHub\ltrp\shoebill_plugins\PenaltyPlugin\src\main\java\lt\ltrp\event\PlayerJailEvent.java
C:\GitHub\ltrp\shoebill_plugins\PenaltyPlugin\src\main\java\lt\ltrp\dao\JailDao.java
C:\GitHub\ltrp\shoebill_plugins\PenaltyPlugin\src\main\java\lt\ltrp\data\JailData.java
C:\GitHub\ltrp\shoebill_plugins\PenaltyPlugin\src\main\java\lt\ltrp\event\PlayerBanEvent.java
C:\GitHub\ltrp\shoebill_plugins\PenaltyPlugin\src\main\java\lt\ltrp\dao\impl\MySqlJailDaoImpl.java
C:\GitHub\ltrp\shoebill_plugins\PenaltyPlugin\src\main\java\lt\ltrp\dao\BanDao.java
C:\GitHub\ltrp\shoebill_plugins\PenaltyPlugin\src\main\java\lt\ltrp\data\BanData.java
C:\GitHub\ltrp\shoebill_plugins\PenaltyPlugin\src\main\java\lt\ltrp\PenaltyPlugin.java
C:\GitHub\ltrp\shoebill_plugins\PenaltyPlugin\src\main\java\lt\ltrp\dao\impl\MySqlBanDaoImpl.java
C:\GitHub\ltrp\shoebill_plugins\PenaltyPlugin\src\main\java\lt\ltrp\dao\impl\MySqlWarnDaoImpl.java
